<html>
<body>
<pre>
<h1>µVision Build Log</h1>
<h2>Project:</h2>
D:\my\weifeng1.54\Project\mdk.uvproj
Project File Date:  05/06/2015

<h2>Output:</h2>
Build target 'mdk'
compiling main.c...
..\User\main.c(205): warning:  #177-D: variable "busy" was declared but never referenced
..\User\main.c:         unsigned char busy;
..\User\main.c:                       ^
..\User\main.c: ..\User\main.c: 1 warning, 0 errors
compiling Display_EPD_W21.c...
linking...
Program Size: Code=4832 RO-data=15456 RW-data=24 ZI-data=1632  
FromELF: creating hex file...
".\Debug\obj\mdk.axf" - 0 Error(s), 1 Warning(s).
Build target 'mdk'
compiling main.c...
..\User\main.c(205): warning:  #177-D: variable "busy" was declared but never referenced
..\User\main.c:         unsigned char busy;
..\User\main.c:                       ^
..\User\main.c: ..\User\main.c: 1 warning, 0 errors
compiling Display_EPD_W21_spi.c...
..\User\Display_EPD_W21_spi.c(56): warning:  #940-D: missing return statement at end of non-void function "EPD_W21_ReadDATA"
..\User\Display_EPD_W21_spi.c:   }       
..\User\Display_EPD_W21_spi.c:   ^
..\User\Display_EPD_W21_spi.c: ..\User\Display_EPD_W21_spi.c: 1 warning, 0 errors
compiling Display_EPD_W21.c...
linking...
Program Size: Code=4832 RO-data=15456 RW-data=24 ZI-data=1632  
FromELF: creating hex file...
".\Debug\obj\mdk.axf" - 0 Error(s), 2 Warning(s).
Load "D:\\my\\weifeng1.54\\Project\\Debug\\obj\\mdk.AXF" 
Set JLink Project File to "D:\my\weifeng1.54\Project\JLinkSettings.ini"
 
JLink info:
------------
DLL: V4.15n, compiled Jun 18 2010 19:55:09
Firmware: J-Link ARM V8 compiled Sep  2 2011 17:54:36
Hardware: V8.00
S/N : 99991999 
Feature(s) : RDI,FlashDL,FlashBP,JFlash,GDBFULL 
 
* JLink Info: TotalIRLen = 9, IRPrint = 0x0011
* JLink Info: Found Cortex-M3 r1p1, Little endian.
* JLink Info: TPIU fitted.
* JLink Info:   FPUnit: 6 code (BP) slots and 2 literal slots
ROMTableAddr = 0xE00FF003
 
Target info:
------------
Device: STM32F103C8
VTarget = 3.351V
State of Pins: 
TCK: 1, TDI: 0, TDO: 0, TMS: 0, TRES: 1, TRST: 1
* JLink Info: TotalIRLen = 9, IRPrint = 0x0011
* JLink Info: Found Cortex-M3 r1p1, Little endian.
* JLink Info: TPIU fitted.
* JLink Info:   FPUnit: 6 code (BP) slots and 2 literal slots
Hardware-Breakpoints: 6
Software-Breakpoints: 2048
Watchpoints:          4
JTAG speed: 2000 kHz
 
Erase Done.
Programming Done.
Verify OK.
Build target 'mdk'
compiling main.c...
..\User\main.c(206): warning:  #177-D: variable "busy" was declared but never referenced
..\User\main.c:         unsigned char busy;
..\User\main.c:                       ^
..\User\main.c: ..\User\main.c: 1 warning, 0 errors
linking...
Program Size: Code=4836 RO-data=15456 RW-data=24 ZI-data=1632  
FromELF: creating hex file...
".\Debug\obj\mdk.axf" - 0 Error(s), 1 Warning(s).
Load "D:\\my\\weifeng1.54\\Project\\Debug\\obj\\mdk.AXF" 
Set JLink Project File to "D:\my\weifeng1.54\Project\JLinkSettings.ini"
 
JLink info:
------------
DLL: V4.15n, compiled Jun 18 2010 19:55:09
Firmware: J-Link ARM V8 compiled Sep  2 2011 17:54:36
Hardware: V8.00
S/N : 99991999 
Feature(s) : RDI,FlashDL,FlashBP,JFlash,GDBFULL 
 
* JLink Info: TotalIRLen = 9, IRPrint = 0x0011
* JLink Info: Found Cortex-M3 r1p1, Little endian.
* JLink Info: TPIU fitted.
* JLink Info:   FPUnit: 6 code (BP) slots and 2 literal slots
ROMTableAddr = 0xE00FF003
 
Target info:
------------
Device: STM32F103C8
VTarget = 3.351V
State of Pins: 
TCK: 1, TDI: 0, TDO: 0, TMS: 0, TRES: 1, TRST: 1
* JLink Info: TotalIRLen = 9, IRPrint = 0x0011
* JLink Info: Found Cortex-M3 r1p1, Little endian.
* JLink Info: TPIU fitted.
* JLink Info:   FPUnit: 6 code (BP) slots and 2 literal slots
Hardware-Breakpoints: 6
Software-Breakpoints: 2048
Watchpoints:          4
JTAG speed: 2000 kHz
 
Erase Done.
Programming Done.
Verify OK.
