Archive member included because of file (symbol)

/usr/local/Cellar/gcc-arm-none-eabi-49/20150609/bin/../lib/gcc/arm-none-eabi/4.9.3/../../../../arm-none-eabi/lib/armv6-m/libm.a(lib_a-s_modf.o)
                              ./utilities/fsl_debug_console.o (modf)
/usr/local/Cellar/gcc-arm-none-eabi-49/20150609/bin/../lib/gcc/arm-none-eabi/4.9.3/../../../../arm-none-eabi/lib/armv6-m/libm.a(lib_a-w_pow.o)
                              ./utilities/fsl_debug_console.o (pow)
/usr/local/Cellar/gcc-arm-none-eabi-49/20150609/bin/../lib/gcc/arm-none-eabi/4.9.3/../../../../arm-none-eabi/lib/armv6-m/libm.a(lib_a-e_pow.o)
                              /usr/local/Cellar/gcc-arm-none-eabi-49/20150609/bin/../lib/gcc/arm-none-eabi/4.9.3/../../../../arm-none-eabi/lib/armv6-m/libm.a(lib_a-w_pow.o) (__ieee754_pow)
/usr/local/Cellar/gcc-arm-none-eabi-49/20150609/bin/../lib/gcc/arm-none-eabi/4.9.3/../../../../arm-none-eabi/lib/armv6-m/libm.a(lib_a-e_sqrt.o)
                              /usr/local/Cellar/gcc-arm-none-eabi-49/20150609/bin/../lib/gcc/arm-none-eabi/4.9.3/../../../../arm-none-eabi/lib/armv6-m/libm.a(lib_a-e_pow.o) (__ieee754_sqrt)
/usr/local/Cellar/gcc-arm-none-eabi-49/20150609/bin/../lib/gcc/arm-none-eabi/4.9.3/../../../../arm-none-eabi/lib/armv6-m/libm.a(lib_a-s_fabs.o)
                              /usr/local/Cellar/gcc-arm-none-eabi-49/20150609/bin/../lib/gcc/arm-none-eabi/4.9.3/../../../../arm-none-eabi/lib/armv6-m/libm.a(lib_a-e_pow.o) (fabs)
/usr/local/Cellar/gcc-arm-none-eabi-49/20150609/bin/../lib/gcc/arm-none-eabi/4.9.3/../../../../arm-none-eabi/lib/armv6-m/libm.a(lib_a-s_finite.o)
                              /usr/local/Cellar/gcc-arm-none-eabi-49/20150609/bin/../lib/gcc/arm-none-eabi/4.9.3/../../../../arm-none-eabi/lib/armv6-m/libm.a(lib_a-w_pow.o) (finite)
/usr/local/Cellar/gcc-arm-none-eabi-49/20150609/bin/../lib/gcc/arm-none-eabi/4.9.3/../../../../arm-none-eabi/lib/armv6-m/libm.a(lib_a-s_fpclassify.o)
                              /usr/local/Cellar/gcc-arm-none-eabi-49/20150609/bin/../lib/gcc/arm-none-eabi/4.9.3/../../../../arm-none-eabi/lib/armv6-m/libm.a(lib_a-w_pow.o) (__fpclassifyd)
/usr/local/Cellar/gcc-arm-none-eabi-49/20150609/bin/../lib/gcc/arm-none-eabi/4.9.3/../../../../arm-none-eabi/lib/armv6-m/libm.a(lib_a-s_lib_ver.o)
                              /usr/local/Cellar/gcc-arm-none-eabi-49/20150609/bin/../lib/gcc/arm-none-eabi/4.9.3/../../../../arm-none-eabi/lib/armv6-m/libm.a(lib_a-w_pow.o) (__fdlib_version)
/usr/local/Cellar/gcc-arm-none-eabi-49/20150609/bin/../lib/gcc/arm-none-eabi/4.9.3/../../../../arm-none-eabi/lib/armv6-m/libm.a(lib_a-s_matherr.o)
                              /usr/local/Cellar/gcc-arm-none-eabi-49/20150609/bin/../lib/gcc/arm-none-eabi/4.9.3/../../../../arm-none-eabi/lib/armv6-m/libm.a(lib_a-w_pow.o) (matherr)
/usr/local/Cellar/gcc-arm-none-eabi-49/20150609/bin/../lib/gcc/arm-none-eabi/4.9.3/../../../../arm-none-eabi/lib/armv6-m/libm.a(lib_a-s_nan.o)
                              /usr/local/Cellar/gcc-arm-none-eabi-49/20150609/bin/../lib/gcc/arm-none-eabi/4.9.3/../../../../arm-none-eabi/lib/armv6-m/libm.a(lib_a-e_pow.o) (nan)
/usr/local/Cellar/gcc-arm-none-eabi-49/20150609/bin/../lib/gcc/arm-none-eabi/4.9.3/../../../../arm-none-eabi/lib/armv6-m/libm.a(lib_a-s_rint.o)
                              /usr/local/Cellar/gcc-arm-none-eabi-49/20150609/bin/../lib/gcc/arm-none-eabi/4.9.3/../../../../arm-none-eabi/lib/armv6-m/libm.a(lib_a-w_pow.o) (rint)
/usr/local/Cellar/gcc-arm-none-eabi-49/20150609/bin/../lib/gcc/arm-none-eabi/4.9.3/../../../../arm-none-eabi/lib/armv6-m/libm.a(lib_a-s_scalbn.o)
                              /usr/local/Cellar/gcc-arm-none-eabi-49/20150609/bin/../lib/gcc/arm-none-eabi/4.9.3/../../../../arm-none-eabi/lib/armv6-m/libm.a(lib_a-e_pow.o) (scalbn)
/usr/local/Cellar/gcc-arm-none-eabi-49/20150609/bin/../lib/gcc/arm-none-eabi/4.9.3/../../../../arm-none-eabi/lib/armv6-m/libm.a(lib_a-s_copysign.o)
                              /usr/local/Cellar/gcc-arm-none-eabi-49/20150609/bin/../lib/gcc/arm-none-eabi/4.9.3/../../../../arm-none-eabi/lib/armv6-m/libm.a(lib_a-s_scalbn.o) (copysign)
/usr/local/Cellar/gcc-arm-none-eabi-49/20150609/bin/../lib/gcc/arm-none-eabi/4.9.3/armv6-m/libgcc.a(_udivsi3.o)
                              ./startup/system_MKL43Z4.o (__aeabi_uidiv)
/usr/local/Cellar/gcc-arm-none-eabi-49/20150609/bin/../lib/gcc/arm-none-eabi/4.9.3/armv6-m/libgcc.a(_divsi3.o)
                              ./utilities/fsl_debug_console.o (__aeabi_idiv)
/usr/local/Cellar/gcc-arm-none-eabi-49/20150609/bin/../lib/gcc/arm-none-eabi/4.9.3/armv6-m/libgcc.a(_dvmd_tls.o)
                              /usr/local/Cellar/gcc-arm-none-eabi-49/20150609/bin/../lib/gcc/arm-none-eabi/4.9.3/armv6-m/libgcc.a(_udivsi3.o) (__aeabi_idiv0)
/usr/local/Cellar/gcc-arm-none-eabi-49/20150609/bin/../lib/gcc/arm-none-eabi/4.9.3/armv6-m/libgcc.a(_arm_cmpdf2.o)
                              ./utilities/fsl_debug_console.o (__aeabi_dcmpeq)
[...]
Memory Configuration

Name             Origin             Length             Attributes
m_interrupts     0x0000000000000000 0x0000000000000200 xr
m_flash_config   0x0000000000000400 0x0000000000000010 xr
m_text           0x0000000000000410 0x000000000003fbf0 xr
m_data           0x000000001fffe000 0x0000000000008000 rw
*default*        0x0000000000000000 0xffffffffffffffff

Linker script and memory map

LOAD /usr/local/Cellar/gcc-arm-none-eabi-49/20150609/bin/../lib/gcc/arm-none-eabi/4.9.3/armv6-m/crti.o
LOAD /usr/local/Cellar/gcc-arm-none-eabi-49/20150609/bin/../lib/gcc/arm-none-eabi/4.9.3/armv6-m/crtbegin.o
LOAD /usr/local/Cellar/gcc-arm-none-eabi-49/20150609/bin/../lib/gcc/arm-none-eabi/4.9.3/../../../../arm-none-eabi/lib/armv6-m/crt0.o
LOAD ./utilities/fsl_debug_console.o
LOAD ./utilities/fsl_notifier.o
LOAD ./utilities/fsl_sbrk.o
LOAD ./startup/startup_MKL43Z4.o
LOAD ./startup/system_MKL43Z4.o
LOAD ./source/u8glib/sys/u8g_kinetis.o
LOAD ./source/u8glib/dev/Display_EPD_W21.o
LOAD ./source/u8glib/dev/Display_EPD_W21_spi.o
LOAD ./source/u8glib/dev/u8g_dev_gdep015oc1.o
LOAD ./source/u8glib/u8g_bitmap.o
LOAD ./source/u8glib/u8g_circle.o
LOAD ./source/u8glib/u8g_clip.o
LOAD ./source/u8glib/u8g_com_api.o
LOAD ./source/u8glib/u8g_com_api_16gr.o
LOAD ./source/u8glib/u8g_com_i2c.o
LOAD ./source/u8glib/u8g_com_io.o
LOAD ./source/u8glib/u8g_com_null.o
LOAD ./source/u8glib/u8g_cursor.o
LOAD ./source/u8glib/u8g_delay.o
LOAD ./source/u8glib/u8g_ellipse.o
LOAD ./source/u8glib/u8g_font.o
LOAD ./source/u8glib/u8g_font_data.o
LOAD ./source/u8glib/u8g_line.o
LOAD ./source/u8glib/u8g_ll_api.o
LOAD ./source/u8glib/u8g_page.o
LOAD ./source/u8glib/u8g_pb.o
LOAD ./source/u8glib/u8g_pb8h1.o
LOAD ./source/u8glib/u8g_pb200h1.o
LOAD ./source/u8glib/u8g_polygon.o
LOAD ./source/u8glib/u8g_rect.o
LOAD ./source/u8glib/u8g_rot.o
LOAD ./source/u8glib/u8g_scale.o
LOAD ./source/u8glib/u8g_state.o
LOAD ./source/u8glib/u8g_u16toa.o
LOAD ./source/u8glib/u8g_u8toa.o
LOAD ./source/u8glib/u8g_virtual_screen.o
LOAD ./source/display.o
LOAD ./source/main.o
LOAD ./drivers/fsl_adc16.o
LOAD ./drivers/fsl_clock.o
LOAD ./drivers/fsl_cmp.o
LOAD ./drivers/fsl_common.o
LOAD ./drivers/fsl_cop.o
LOAD ./drivers/fsl_dac.o
LOAD ./drivers/fsl_dma.o
LOAD ./drivers/fsl_dmamux.o
LOAD ./drivers/fsl_flash.o
LOAD ./drivers/fsl_flexio.o
LOAD ./drivers/fsl_flexio_i2c_master.o
LOAD ./drivers/fsl_flexio_i2s.o
LOAD ./drivers/fsl_flexio_i2s_dma.o
LOAD ./drivers/fsl_flexio_spi.o
LOAD ./drivers/fsl_flexio_spi_dma.o
LOAD ./drivers/fsl_flexio_uart.o
LOAD ./drivers/fsl_flexio_uart_dma.o
LOAD ./drivers/fsl_gpio.o
LOAD ./drivers/fsl_i2c.o
LOAD ./drivers/fsl_i2c_dma.o
LOAD ./drivers/fsl_llwu.o
LOAD ./drivers/fsl_lptmr.o
LOAD ./drivers/fsl_lpuart.o
LOAD ./drivers/fsl_lpuart_dma.o
LOAD ./drivers/fsl_pit.o
LOAD ./drivers/fsl_pmc.o
LOAD ./drivers/fsl_rcm.o
LOAD ./drivers/fsl_rtc.o
LOAD ./drivers/fsl_sai.o
LOAD ./drivers/fsl_sai_dma.o
LOAD ./drivers/fsl_sim.o
LOAD ./drivers/fsl_slcd.o
LOAD ./drivers/fsl_smc.o
LOAD ./drivers/fsl_spi.o
LOAD ./drivers/fsl_spi_dma.o
LOAD ./drivers/fsl_tpm.o
LOAD ./drivers/fsl_uart.o
LOAD ./drivers/fsl_uart_dma.o
LOAD ./drivers/fsl_vref.o
LOAD ./board/board.o
LOAD ./board/clock_config.o
LOAD ./board/pin_mux.o
LOAD /usr/local/Cellar/gcc-arm-none-eabi-49/20150609/bin/../lib/gcc/arm-none-eabi/4.9.3/../../../../arm-none-eabi/lib/armv6-m/libstdc++_nano.a
LOAD /usr/local/Cellar/gcc-arm-none-eabi-49/20150609/bin/../lib/gcc/arm-none-eabi/4.9.3/../../../../arm-none-eabi/lib/armv6-m/libm.a
START GROUP
LOAD /usr/local/Cellar/gcc-arm-none-eabi-49/20150609/bin/../lib/gcc/arm-none-eabi/4.9.3/armv6-m/libgcc.a
LOAD /usr/local/Cellar/gcc-arm-none-eabi-49/20150609/bin/../lib/gcc/arm-none-eabi/4.9.3/../../../../arm-none-eabi/lib/armv6-m/libg_nano.a
LOAD /usr/local/Cellar/gcc-arm-none-eabi-49/20150609/bin/../lib/gcc/arm-none-eabi/4.9.3/../../../../arm-none-eabi/lib/armv6-m/libc_nano.a
END GROUP
START GROUP
LOAD /usr/local/Cellar/gcc-arm-none-eabi-49/20150609/bin/../lib/gcc/arm-none-eabi/4.9.3/armv6-m/libgcc.a
LOAD /usr/local/Cellar/gcc-arm-none-eabi-49/20150609/bin/../lib/gcc/arm-none-eabi/4.9.3/../../../../arm-none-eabi/lib/armv6-m/libc_nano.a
LOAD /usr/local/Cellar/gcc-arm-none-eabi-49/20150609/bin/../lib/gcc/arm-none-eabi/4.9.3/../../../../arm-none-eabi/lib/armv6-m/libnosys.a
END GROUP
START GROUP
LOAD /usr/local/Cellar/gcc-arm-none-eabi-49/20150609/bin/../lib/gcc/arm-none-eabi/4.9.3/armv6-m/libgcc.a
LOAD /usr/local/Cellar/gcc-arm-none-eabi-49/20150609/bin/../lib/gcc/arm-none-eabi/4.9.3/../../../../arm-none-eabi/lib/armv6-m/libc_nano.a
LOAD /usr/local/Cellar/gcc-arm-none-eabi-49/20150609/bin/../lib/gcc/arm-none-eabi/4.9.3/../../../../arm-none-eabi/lib/armv6-m/libnosys.a
END GROUP
LOAD /usr/local/Cellar/gcc-arm-none-eabi-49/20150609/bin/../lib/gcc/arm-none-eabi/4.9.3/armv6-m/crtend.o
LOAD /usr/local/Cellar/gcc-arm-none-eabi-49/20150609/bin/../lib/gcc/arm-none-eabi/4.9.3/armv6-m/crtn.o
                0x0000000000000400                HEAP_SIZE = DEFINED (__heap_size__)?__heap_size__:0x400
                0x0000000000000400                STACK_SIZE = DEFINED (__stack_size__)?__stack_size__:0x400
                0x0000000000000000                M_VECTOR_RAM_SIZE = DEFINED (__ram_vector_table__)?0x200:0x0

.interrupts     0x0000000000000000       0xc0
                0x0000000000000000                __VECTOR_TABLE = .
                0x0000000000000000                . = ALIGN (0x4)
 *(.isr_vector)
 .isr_vector    0x0000000000000000       0xc0 ./startup/startup_MKL43Z4.o
                0x0000000000000000                __isr_vector
                0x00000000000000c0                . = ALIGN (0x4)

.flash_config   0x0000000000000400       0x10
                0x0000000000000400                . = ALIGN (0x4)
 *(.FlashConfig)
 .FlashConfig   0x0000000000000400       0x10 ./startup/startup_MKL43Z4.o
                0x0000000000000410                . = ALIGN (0x4)

.text           0x0000000000000410     0xab3c
                0x0000000000000410                . = ALIGN (0x4)
 *(.text)
 .text          0x0000000000000410       0x60 /usr/local/Cellar/gcc-arm-none-eabi-49/20150609/bin/../lib/gcc/arm-none-eabi/4.9.3/armv6-m/crtbegin.o
 .text          0x0000000000000470       0x78 /usr/local/Cellar/gcc-arm-none-eabi-49/20150609/bin/../lib/gcc/arm-none-eabi/4.9.3/../../../../arm-none-eabi/lib/armv6-m/crt0.o
                0x0000000000000470                _mainCRTStartup
                0x0000000000000470                _start
 .text          0x00000000000004e8       0xd0 ./startup/startup_MKL43Z4.o
                0x00000000000004e8                Reset_Handler
                0x0000000000000528                PMC_IRQHandler
                0x0000000000000528                Reserved20_IRQHandler
                0x0000000000000528                USB0_IRQHandler
                0x0000000000000528                PORTCD_IRQHandler
                0x0000000000000528                PIT_IRQHandler
                0x0000000000000528                TPM1_IRQHandler
                0x0000000000000528                DAC0_IRQHandler
                0x0000000000000528                CMP0_IRQHandler
                0x0000000000000528                LPTMR0_IRQHandler
                0x0000000000000528                TPM0_IRQHandler
                0x0000000000000528                FTFA_IRQHandler
                0x0000000000000528                LLWU_IRQHandler
                0x0000000000000528                Reserved42_IRQHandler
                0x0000000000000528                ADC0_IRQHandler
                0x0000000000000528                PORTA_IRQHandler
                0x0000000000000528                DefaultISR
                0x0000000000000528                TPM2_IRQHandler
                0x0000000000000528                Reserved43_IRQHandler
                0x0000000000000528                RTC_IRQHandler
                0x0000000000000528                LCD_IRQHandler
                0x0000000000000528                RTC_Seconds_IRQHandler
                0x000000000000052c                NMI_Handler
                0x0000000000000530                HardFault_Handler
                0x0000000000000534                SVC_Handler
                0x0000000000000538                PendSV_Handler
                0x000000000000053c                SysTick_Handler
                0x0000000000000540                DMA0_IRQHandler
                0x0000000000000544                DMA1_IRQHandler
                0x0000000000000548                DMA2_IRQHandler
                0x000000000000054c                DMA3_IRQHandler
                0x0000000000000550                I2C0_IRQHandler
                0x0000000000000554                I2C1_IRQHandler
                0x0000000000000558                SPI0_IRQHandler
                0x000000000000055c                SPI1_IRQHandler
                0x0000000000000560                LPUART0_IRQHandler
                0x0000000000000564                LPUART1_IRQHandler
                0x0000000000000568                UART2_FLEXIO_IRQHandler
                0x000000000000056c                I2S0_IRQHandler
 .text          0x00000000000005b8      0x120 /usr/local/Cellar/gcc-arm-none-eabi-49/20150609/bin/../lib/gcc/arm-none-eabi/4.9.3/armv6-m/libgcc.a(_udivsi3.o)
                0x00000000000005b8                __udivsi3
                0x00000000000005b8                __aeabi_uidiv
                0x00000000000006c4                __aeabi_uidivmod
 .text          0x00000000000006d8      0x1e0 /usr/local/Cellar/gcc-arm-none-eabi-49/20150609/bin/../lib/gcc/arm-none-eabi/4.9.3/armv6-m/libgcc.a(_divsi3.o)
                0x00000000000006d8                __aeabi_idiv
                0x00000000000006d8                __divsi3
                0x00000000000008a4                __aeabi_idivmod
 .text          0x00000000000008b8        0x4 /usr/local/Cellar/gcc-arm-none-eabi-49/20150609/bin/../lib/gcc/arm-none-eabi/4.9.3/armv6-m/libgcc.a(_dvmd_tls.o)
                0x00000000000008b8                __aeabi_ldiv0
                0x00000000000008b8                __aeabi_idiv0
 .text          0x00000000000008bc       0x7c /usr/local/Cellar/gcc-arm-none-eabi-49/20150609/bin/../lib/gcc/arm-none-eabi/4.9.3/armv6-m/libgcc.a(_arm_cmpdf2.o)
                0x00000000000008bc                __aeabi_cdrcmple
                0x00000000000008cc                __aeabi_cdcmple
                0x00000000000008cc                __aeabi_cdcmpeq
                0x00000000000008dc                __aeabi_dcmpeq
                0x00000000000008e8                __aeabi_dcmplt
                0x00000000000008fc                __aeabi_dcmple
                0x0000000000000910                __aeabi_dcmpgt
                0x0000000000000924                __aeabi_dcmpge
 .text          0x0000000000000938       0x48 /usr/local/Cellar/gcc-arm-none-eabi-49/20150609/bin/../lib/gcc/arm-none-eabi/4.9.3/armv6-m/libgcc.a(_aeabi_ldivmod.o)
                0x0000000000000938                __aeabi_ldivmod
 .text          0x0000000000000980       0x40 /usr/local/Cellar/gcc-arm-none-eabi-49/20150609/bin/../lib/gcc/arm-none-eabi/4.9.3/armv6-m/libgcc.a(_aeabi_uldivmod.o)
                0x0000000000000980                __aeabi_uldivmod
 .text          0x00000000000009c0       0x54 /usr/local/Cellar/gcc-arm-none-eabi-49/20150609/bin/../lib/gcc/arm-none-eabi/4.9.3/armv6-m/libgcc.a(_muldi3.o)
                0x00000000000009c0                __aeabi_lmul
                0x00000000000009c0                __muldi3
 .text          0x0000000000000a14       0x38 /usr/local/Cellar/gcc-arm-none-eabi-49/20150609/bin/../lib/gcc/arm-none-eabi/4.9.3/armv6-m/libgcc.a(_fixdfdi.o)
                0x0000000000000a14                __aeabi_d2lz
                0x0000000000000a14                __fixdfdi
 .text          0x0000000000000a4c       0x3c /usr/local/Cellar/gcc-arm-none-eabi-49/20150609/bin/../lib/gcc/arm-none-eabi/4.9.3/armv6-m/libgcc.a(_fixunsdfdi.o)
                0x0000000000000a4c                __aeabi_d2ulz
                0x0000000000000a4c                __fixunsdfdi
 .text          0x0000000000000a88       0x2c /usr/local/Cellar/gcc-arm-none-eabi-49/20150609/bin/../lib/gcc/arm-none-eabi/4.9.3/armv6-m/libgcc.a(_floatdidf.o)
                0x0000000000000a88                __floatdidf
                0x0000000000000a88                __aeabi_l2d
 .text          0x0000000000000ab4       0x6c /usr/local/Cellar/gcc-arm-none-eabi-49/20150609/bin/../lib/gcc/arm-none-eabi/4.9.3/armv6-m/libgcc.a(bpabi.o)
                0x0000000000000ab4                __gnu_ldivmod_helper
                0x0000000000000aec                __gnu_uldivmod_helper
 .text          0x0000000000000b20      0x650 /usr/local/Cellar/gcc-arm-none-eabi-49/20150609/bin/../lib/gcc/arm-none-eabi/4.9.3/armv6-m/libgcc.a(adddf3.o)
                0x0000000000000b20                __aeabi_dadd
 .text          0x0000000000001170      0x648 /usr/local/Cellar/gcc-arm-none-eabi-49/20150609/bin/../lib/gcc/arm-none-eabi/4.9.3/armv6-m/libgcc.a(divdf3.o)
                0x0000000000001170                __aeabi_ddiv
 .text          0x00000000000017b8       0x88 /usr/local/Cellar/gcc-arm-none-eabi-49/20150609/bin/../lib/gcc/arm-none-eabi/4.9.3/armv6-m/libgcc.a(eqdf2.o)
                0x00000000000017b8                __eqdf2
                0x00000000000017b8                __nedf2
 .text          0x0000000000001840       0xe0 /usr/local/Cellar/gcc-arm-none-eabi-49/20150609/bin/../lib/gcc/arm-none-eabi/4.9.3/armv6-m/libgcc.a(gedf2.o)
                0x0000000000001840                __gtdf2
                0x0000000000001840                __gedf2
 .text          0x0000000000001920       0xcc /usr/local/Cellar/gcc-arm-none-eabi-49/20150609/bin/../lib/gcc/arm-none-eabi/4.9.3/armv6-m/libgcc.a(ledf2.o)
                0x0000000000001920                __ltdf2
                0x0000000000001920                __ledf2
 .text          0x00000000000019ec      0x534 /usr/local/Cellar/gcc-arm-none-eabi-49/20150609/bin/../lib/gcc/arm-none-eabi/4.9.3/armv6-m/libgcc.a(muldf3.o)
                0x00000000000019ec                __aeabi_dmul
 .text          0x0000000000001f20      0x6f4 /usr/local/Cellar/gcc-arm-none-eabi-49/20150609/bin/../lib/gcc/arm-none-eabi/4.9.3/armv6-m/libgcc.a(subdf3.o)
                0x0000000000001f20                __aeabi_dsub
 .text          0x0000000000002614       0x6c /usr/local/Cellar/gcc-arm-none-eabi-49/20150609/bin/../lib/gcc/arm-none-eabi/4.9.3/armv6-m/libgcc.a(fixdfsi.o)
                0x0000000000002614                __aeabi_d2iz
 .text          0x0000000000002680       0x78 /usr/local/Cellar/gcc-arm-none-eabi-49/20150609/bin/../lib/gcc/arm-none-eabi/4.9.3/armv6-m/libgcc.a(floatsidf.o)
                0x0000000000002680                __aeabi_i2d
 .text          0x00000000000026f8       0x64 /usr/local/Cellar/gcc-arm-none-eabi-49/20150609/bin/../lib/gcc/arm-none-eabi/4.9.3/armv6-m/libgcc.a(floatunsidf.o)
                0x00000000000026f8                __aeabi_ui2d
 .text          0x000000000000275c       0x3c /usr/local/Cellar/gcc-arm-none-eabi-49/20150609/bin/../lib/gcc/arm-none-eabi/4.9.3/armv6-m/libgcc.a(_clzsi2.o)
                0x000000000000275c                __clzsi2
 .text          0x0000000000002798       0x3c /usr/local/Cellar/gcc-arm-none-eabi-49/20150609/bin/../lib/gcc/arm-none-eabi/4.9.3/armv6-m/libgcc.a(_fixunsdfsi.o)
                0x0000000000002798                __fixunsdfsi
                0x0000000000002798                __aeabi_d2uiz
 .text          0x00000000000027d4      0x1f0 /usr/local/Cellar/gcc-arm-none-eabi-49/20150609/bin/../lib/gcc/arm-none-eabi/4.9.3/armv6-m/libgcc.a(_divdi3.o)
                0x00000000000027d4                __divdi3
 .text          0x00000000000029c4      0x158 /usr/local/Cellar/gcc-arm-none-eabi-49/20150609/bin/../lib/gcc/arm-none-eabi/4.9.3/armv6-m/libgcc.a(_udivdi3.o)
                0x00000000000029c4                __udivdi3
 .text          0x0000000000002b1c       0x18 /usr/local/Cellar/gcc-arm-none-eabi-49/20150609/bin/../lib/gcc/arm-none-eabi/4.9.3/armv6-m/libgcc.a(_clzdi2.o)
                0x0000000000002b1c                __clzdi2
 *(.text*)
 .text.UART_EnableTx
                0x0000000000002b34       0x40 ./utilities/fsl_debug_console.o
 .text.UART_EnableRx
                0x0000000000002b74       0x40 ./utilities/fsl_debug_console.o
 .text.LPUART_EnableTx
                0x0000000000002bb4       0x3c ./utilities/fsl_debug_console.o
 .text.LPUART_EnableRx
                0x0000000000002bf0       0x3c ./utilities/fsl_debug_console.o
 .text.DbgConsole_Init
                0x0000000000002c2c       0xf8 ./utilities/fsl_debug_console.o
                0x0000000000002c2c                DbgConsole_Init
 .text.DbgConsole_Printf
                0x0000000000002d24       0x48 ./utilities/fsl_debug_console.o
                0x0000000000002d24                DbgConsole_Printf
 .text.DbgConsole_Putchar
                0x0000000000002d6c       0x38 ./utilities/fsl_debug_console.o
                0x0000000000002d6c                DbgConsole_Putchar
 .text.DbgConsole_PrintfPaddingCharacter
                0x0000000000002da4       0x48 ./utilities/fsl_debug_console.o
 .text.DbgConsole_ConvertRadixNumToString
                0x0000000000002dec      0x1d4 ./utilities/fsl_debug_console.o
 .text.DbgConsole_ConvertFloatRadixNumToString
                0x0000000000002fc0      0x2bc ./utilities/fsl_debug_console.o
 .text.DbgConsole_PrintfFormattedData
                0x000000000000327c      0xe34 ./utilities/fsl_debug_console.o
 .text._sbrk    0x00000000000040b0       0x5c ./utilities/fsl_sbrk.o
                0x00000000000040b0                _sbrk
 .text.SystemInit
                0x000000000000410c       0x38 ./startup/system_MKL43Z4.o
                0x000000000000410c                SystemInit
 .text.GPIO_WritePinOutput
                0x0000000000004144       0x3c ./source/u8glib/dev/Display_EPD_W21.o
 .text.EPD_W21_SetRamArea
                0x0000000000004180       0x88 ./source/u8glib/dev/Display_EPD_W21.o
                0x0000000000004180                EPD_W21_SetRamArea
 .text.EPD_W21_SetRamPointer
                0x0000000000004208       0x64 ./source/u8glib/dev/Display_EPD_W21.o
                0x0000000000004208                EPD_W21_SetRamPointer
 .text.EPD_W21_DispInit
                0x000000000000426c       0x7c ./source/u8glib/dev/Display_EPD_W21.o
                0x000000000000426c                EPD_W21_DispInit
 .text.EPD_W21_Init
                0x00000000000042e8       0x3c ./source/u8glib/dev/Display_EPD_W21.o
                0x00000000000042e8                EPD_W21_Init
 .text.EPD_W21_Update
                0x0000000000004324       0x1c ./source/u8glib/dev/Display_EPD_W21.o
                0x0000000000004324                EPD_W21_Update
 .text.EPD_W21_WirteLUT
                0x0000000000004340       0x18 ./source/u8glib/dev/Display_EPD_W21.o
                0x0000000000004340                EPD_W21_WirteLUT
 .text.EPD_W21_POWERON
                0x0000000000004358       0x18 ./source/u8glib/dev/Display_EPD_W21.o
                0x0000000000004358                EPD_W21_POWERON
 .text.GPIO_WritePinOutput
                0x0000000000004370       0x3c ./source/u8glib/dev/Display_EPD_W21_spi.o
 .text.GPIO_ReadPinInput
                0x00000000000043ac       0x20 ./source/u8glib/dev/Display_EPD_W21_spi.o
 .text.SPI_Delay
                0x00000000000043cc       0x48 ./source/u8glib/dev/Display_EPD_W21_spi.o
                0x00000000000043cc                SPI_Delay
 .text.SPI_Write
                0x0000000000004414       0x9c ./source/u8glib/dev/Display_EPD_W21_spi.o
                0x0000000000004414                SPI_Write
 .text.EPD_W21_WriteCMD
                0x00000000000044b0       0x4c ./source/u8glib/dev/Display_EPD_W21_spi.o
                0x00000000000044b0                EPD_W21_WriteCMD
 .text.EPD_W21_WriteCMD_p1
                0x00000000000044fc       0x78 ./source/u8glib/dev/Display_EPD_W21_spi.o
                0x00000000000044fc                EPD_W21_WriteCMD_p1
 .text.EPD_W21_Write
                0x0000000000004574       0x9c ./source/u8glib/dev/Display_EPD_W21_spi.o
                0x0000000000004574                EPD_W21_Write
 .text.EPD_W21_WriteDispRam
                0x0000000000004610       0xe4 ./source/u8glib/dev/Display_EPD_W21_spi.o
                0x0000000000004610                EPD_W21_WriteDispRam
 .text.EPD_W21_WriteDispRamMono
                0x00000000000046f4       0xd0 ./source/u8glib/dev/Display_EPD_W21_spi.o
                0x00000000000046f4                EPD_W21_WriteDispRamMono
 .text.driver_delay_us
                0x00000000000047c4       0x1c ./source/u8glib/dev/u8g_dev_gdep015oc1.o
                0x00000000000047c4                driver_delay_us
 .text.driver_delay_xms
                0x00000000000047e0       0x3c ./source/u8glib/dev/u8g_dev_gdep015oc1.o
                0x00000000000047e0                driver_delay_xms
 .text.update_lines
                0x000000000000481c       0x3c ./source/u8glib/dev/u8g_dev_gdep015oc1.o
 .text.u8g_com_fn
                0x0000000000004858       0x84 ./source/u8glib/dev/u8g_dev_gdep015oc1.o
 .text.u8g_dev_fn
                0x00000000000048dc       0xd4 ./source/u8glib/dev/u8g_dev_gdep015oc1.o
 .text.u8g_DrawHBitmap
                0x00000000000049b0       0x60 ./source/u8glib/u8g_bitmap.o
                0x00000000000049b0                u8g_DrawHBitmap
 .text.u8g_DrawBitmap
                0x0000000000004a10       0x94 ./source/u8glib/u8g_bitmap.o
                0x0000000000004a10                u8g_DrawBitmap
 .text.u8g_draw_disc_section
                0x0000000000004aa4      0x178 ./source/u8glib/u8g_circle.o
 .text.u8g_draw_disc
                0x0000000000004c1c      0x158 ./source/u8glib/u8g_circle.o
                0x0000000000004c1c                u8g_draw_disc
 .text.u8g_DrawDisc
                0x0000000000004d74       0xac ./source/u8glib/u8g_circle.o
                0x0000000000004d74                u8g_DrawDisc
 .text.u8g_IsBBXIntersection
                0x0000000000004e20      0x178 ./source/u8glib/u8g_clip.o
                0x0000000000004e20                u8g_IsBBXIntersection
 .text.u8g_WriteSequence
                0x0000000000004f98       0x2c ./source/u8glib/u8g_com_api.o
                0x0000000000004f98                u8g_WriteSequence
 .text.u8g_font_get_byte
                0x0000000000004fc4       0x24 ./source/u8glib/u8g_font.o
 .text.u8g_font_get_word
                0x0000000000004fe8       0x58 ./source/u8glib/u8g_font.o
 .text.u8g_font_GetFormat
                0x0000000000005040       0x1c ./source/u8glib/u8g_font.o
 .text.u8g_font_GetFontGlyphStructureSize
                0x000000000000505c       0x34 ./source/u8glib/u8g_font.o
 .text.u8g_font_GetCapitalAHeight
                0x0000000000005090       0x1c ./source/u8glib/u8g_font.o
                0x0000000000005090                u8g_font_GetCapitalAHeight
 .text.u8g_font_GetEncoding65Pos
                0x00000000000050ac       0x1c ./source/u8glib/u8g_font.o
                0x00000000000050ac                u8g_font_GetEncoding65Pos
 .text.u8g_font_GetEncoding97Pos
                0x00000000000050c8       0x1c ./source/u8glib/u8g_font.o
                0x00000000000050c8                u8g_font_GetEncoding97Pos
 .text.u8g_font_GetFontStartEncoding
                0x00000000000050e4       0x1c ./source/u8glib/u8g_font.o
                0x00000000000050e4                u8g_font_GetFontStartEncoding
 .text.u8g_font_GetFontEndEncoding
                0x0000000000005100       0x1c ./source/u8glib/u8g_font.o
                0x0000000000005100                u8g_font_GetFontEndEncoding
 .text.u8g_font_GetLowerGDescent
                0x000000000000511c       0x20 ./source/u8glib/u8g_font.o
                0x000000000000511c                u8g_font_GetLowerGDescent
 .text.u8g_font_GetFontAscent
                0x000000000000513c       0x20 ./source/u8glib/u8g_font.o
                0x000000000000513c                u8g_font_GetFontAscent
 .text.u8g_font_GetFontDescent
                0x000000000000515c       0x20 ./source/u8glib/u8g_font.o
                0x000000000000515c                u8g_font_GetFontDescent
 .text.u8g_font_GetFontXAscent
                0x000000000000517c       0x20 ./source/u8glib/u8g_font.o
                0x000000000000517c                u8g_font_GetFontXAscent
 .text.u8g_font_GetFontXDescent
                0x000000000000519c       0x20 ./source/u8glib/u8g_font.o
                0x000000000000519c                u8g_font_GetFontXDescent
 .text.u8g_font_GetGlyphDataStart
                0x00000000000051bc       0x24 ./source/u8glib/u8g_font.o
 .text.u8g_CopyGlyphDataToCache
                0x00000000000051e0       0xf8 ./source/u8glib/u8g_font.o
 .text.u8g_FillEmptyGlyphCache
                0x00000000000052d8       0x30 ./source/u8glib/u8g_font.o
 .text.u8g_GetGlyph
                0x0000000000005308      0x1ac ./source/u8glib/u8g_font.o
                0x0000000000005308                u8g_GetGlyph
 .text.u8g_draw_glyph
                0x00000000000054b4      0x1b0 ./source/u8glib/u8g_font.o
                0x00000000000054b4                u8g_draw_glyph
 .text.u8g_DrawStr
                0x0000000000005664       0xb0 ./source/u8glib/u8g_font.o
                0x0000000000005664                u8g_DrawStr
 .text.u8g_UpdateRefHeight
                0x0000000000005714      0x114 ./source/u8glib/u8g_font.o
                0x0000000000005714                u8g_UpdateRefHeight
 .text.u8g_font_calc_vref_font
                0x0000000000005828       0x14 ./source/u8glib/u8g_font.o
                0x0000000000005828                u8g_font_calc_vref_font
 .text.u8g_SetFontPosBaseline
                0x000000000000583c       0x18 ./source/u8glib/u8g_font.o
                0x000000000000583c                u8g_SetFontPosBaseline
 .text.u8g_font_calc_vref_center
                0x0000000000005854       0x68 ./source/u8glib/u8g_font.o
                0x0000000000005854                u8g_font_calc_vref_center
 .text.u8g_SetFontPosCenter
                0x00000000000058bc       0x18 ./source/u8glib/u8g_font.o
                0x00000000000058bc                u8g_SetFontPosCenter
 .text.u8g_GetStrWidth
                0x00000000000058d4       0x64 ./source/u8glib/u8g_font.o
                0x00000000000058d4                u8g_GetStrWidth
 .text.u8g_SetFont
                0x0000000000005938       0x30 ./source/u8glib/u8g_font.o
                0x0000000000005938                u8g_SetFont
 .text.u8g_call_dev_fn
                0x0000000000005968       0x2c ./source/u8glib/u8g_ll_api.o
                0x0000000000005968                u8g_call_dev_fn
 .text.u8g_InitLL
                0x0000000000005994       0x48 ./source/u8glib/u8g_ll_api.o
                0x0000000000005994                u8g_InitLL
 .text.u8g_FirstPageLL
                0x00000000000059dc       0x4c ./source/u8glib/u8g_ll_api.o
                0x00000000000059dc                u8g_FirstPageLL
 .text.u8g_NextPageLL
                0x0000000000005a28       0x64 ./source/u8glib/u8g_ll_api.o
                0x0000000000005a28                u8g_NextPageLL
 .text.u8g_Draw8PixelLL
                0x0000000000005a8c       0x58 ./source/u8glib/u8g_ll_api.o
                0x0000000000005a8c                u8g_Draw8PixelLL
 .text.u8g_GetWidthLL
                0x0000000000005ae4       0x2c ./source/u8glib/u8g_ll_api.o
                0x0000000000005ae4                u8g_GetWidthLL
 .text.u8g_GetHeightLL
                0x0000000000005b10       0x2c ./source/u8glib/u8g_ll_api.o
                0x0000000000005b10                u8g_GetHeightLL
 .text.u8g_GetModeLL
                0x0000000000005b3c       0x24 ./source/u8glib/u8g_ll_api.o
                0x0000000000005b3c                u8g_GetModeLL
 .text.u8g_UpdateDimension
                0x0000000000005b60       0x64 ./source/u8glib/u8g_ll_api.o
                0x0000000000005b60                u8g_UpdateDimension
 .text.u8g_init_data
                0x0000000000005bc4       0x78 ./source/u8glib/u8g_ll_api.o
 .text.u8g_Begin
                0x0000000000005c3c       0x30 ./source/u8glib/u8g_ll_api.o
                0x0000000000005c3c                u8g_Begin
 .text.u8g_Init
                0x0000000000005c6c       0x2c ./source/u8glib/u8g_ll_api.o
                0x0000000000005c6c                u8g_Init
 .text.u8g_FirstPage
                0x0000000000005c98       0x1c ./source/u8glib/u8g_ll_api.o
                0x0000000000005c98                u8g_FirstPage
 .text.u8g_NextPage
                0x0000000000005cb4       0x34 ./source/u8glib/u8g_ll_api.o
                0x0000000000005cb4                u8g_NextPage
 .text.u8g_Draw8Pixel
                0x0000000000005ce8       0x48 ./source/u8glib/u8g_ll_api.o
                0x0000000000005ce8                u8g_Draw8Pixel
 .text.u8g_SetColorIndex
                0x0000000000005d30       0x20 ./source/u8glib/u8g_ll_api.o
                0x0000000000005d30                u8g_SetColorIndex
 .text.u8g_page_First
                0x0000000000005d50       0x30 ./source/u8glib/u8g_page.o
                0x0000000000005d50                u8g_page_First
 .text.u8g_page_Next
                0x0000000000005d80       0x64 ./source/u8glib/u8g_page.o
                0x0000000000005d80                u8g_page_Next
 .text.u8g_pb_IsYIntersection
                0x0000000000005de4       0xe0 ./source/u8glib/u8g_pb.o
                0x0000000000005de4                u8g_pb_IsYIntersection
 .text.u8g_pb_GetPageBox
                0x0000000000005ec4       0x3c ./source/u8glib/u8g_pb.o
                0x0000000000005ec4                u8g_pb_GetPageBox
 .text.u8g_pb_Is8PixelVisible
                0x0000000000005f00       0x7c ./source/u8glib/u8g_pb.o
                0x0000000000005f00                u8g_pb_Is8PixelVisible
 .text.u8g_pb_WriteBuffer
                0x0000000000005f7c       0x28 ./source/u8glib/u8g_pb.o
                0x0000000000005f7c                u8g_pb_WriteBuffer
 .text.u8g_pb200h1_Clear
                0x0000000000005fa4       0x44 ./source/u8glib/u8g_pb200h1.o
                0x0000000000005fa4                u8g_pb200h1_Clear
 .text.u8g_pb200h1_set_pixel
                0x0000000000005fe8       0xc0 ./source/u8glib/u8g_pb200h1.o
                0x0000000000005fe8                u8g_pb200h1_set_pixel
 .text.u8g_pb200h1_SetPixel
                0x00000000000060a8       0x4c ./source/u8glib/u8g_pb200h1.o
                0x00000000000060a8                u8g_pb200h1_SetPixel
 .text.u8g_pb200h1_Set8PixelOpt2
                0x00000000000060f4       0xd8 ./source/u8glib/u8g_pb200h1.o
                0x00000000000060f4                u8g_pb200h1_Set8PixelOpt2
 .text.u8g_dev_pb200h1_base_fn
                0x00000000000061cc       0xb8 ./source/u8glib/u8g_pb200h1.o
                0x00000000000061cc                u8g_dev_pb200h1_base_fn
 .text.u8g_draw_hline
                0x0000000000006284       0xb0 ./source/u8glib/u8g_rect.o
                0x0000000000006284                u8g_draw_hline
 .text.u8g_draw_vline
                0x0000000000006334       0xb0 ./source/u8glib/u8g_rect.o
                0x0000000000006334                u8g_draw_vline
 .text.u8g_DrawVLine
                0x00000000000063e4       0x54 ./source/u8glib/u8g_rect.o
                0x00000000000063e4                u8g_DrawVLine
 .text.u8g_draw_box
                0x0000000000006438       0x5c ./source/u8glib/u8g_rect.o
                0x0000000000006438                u8g_draw_box
 .text.u8g_DrawBox
                0x0000000000006494       0x64 ./source/u8glib/u8g_rect.o
                0x0000000000006494                u8g_DrawBox
 .text.u8g_state_dummy_cb
                0x00000000000064f8       0x14 ./source/u8glib/u8g_state.o
                0x00000000000064f8                u8g_state_dummy_cb
 .text.draw_watch
                0x000000000000650c       0xa0 ./source/display.o
 .text.draw_msgdots
                0x00000000000065ac       0x78 ./source/display.o
 .text.display_main
                0x0000000000006624       0xc8 ./source/display.o
                0x0000000000006624                display_main
 .text.display_init
                0x00000000000066ec       0x1c ./source/display.o
                0x00000000000066ec                display_init
 .text.main     0x0000000000006708       0x30 ./source/main.o
                0x0000000000006708                main
 .text.CLOCK_SetEr32kClock
                0x0000000000006738       0x30 ./drivers/fsl_clock.o
 .text.CLOCK_GetLircClkFreq
                0x0000000000006768       0x48 ./drivers/fsl_clock.o
 .text.CLOCK_GetCoreSysClkFreq
                0x00000000000067b0       0x2c ./drivers/fsl_clock.o
                0x00000000000067b0                CLOCK_GetCoreSysClkFreq
 .text.CLOCK_SetSimConfig
                0x00000000000067dc       0x2c ./drivers/fsl_clock.o
                0x00000000000067dc                CLOCK_SetSimConfig
 .text.CLOCK_GetOutClkFreq
                0x0000000000006808       0x8c ./drivers/fsl_clock.o
                0x0000000000006808                CLOCK_GetOutClkFreq
 .text.CLOCK_SetMcgliteConfig
                0x0000000000006894      0x124 ./drivers/fsl_clock.o
                0x0000000000006894                CLOCK_SetMcgliteConfig
 .text.__assert_func
                0x00000000000069b8       0x28 ./drivers/fsl_common.o
                0x00000000000069b8                __assert_func
 .text.DMA_ClearChannelStatusFlags
                0x00000000000069e0       0x60 ./drivers/fsl_dma.o
 .text.DMA_HandleIRQ
                0x0000000000006a40       0x5c ./drivers/fsl_dma.o
                0x0000000000006a40                DMA_HandleIRQ
 .text.DMA0_DriverIRQHandler
                0x0000000000006a9c       0x18 ./drivers/fsl_dma.o
                0x0000000000006a9c                DMA0_DriverIRQHandler
 .text.DMA1_DriverIRQHandler
                0x0000000000006ab4       0x18 ./drivers/fsl_dma.o
                0x0000000000006ab4                DMA1_DriverIRQHandler
 .text.DMA2_DriverIRQHandler
                0x0000000000006acc       0x18 ./drivers/fsl_dma.o
                0x0000000000006acc                DMA2_DriverIRQHandler
 .text.DMA3_DriverIRQHandler
                0x0000000000006ae4       0x18 ./drivers/fsl_dma.o
                0x0000000000006ae4                DMA3_DriverIRQHandler
 .text.FLEXIO_CommonIRQHandler
                0x0000000000006afc       0x64 ./drivers/fsl_flexio.o
                0x0000000000006afc                FLEXIO_CommonIRQHandler
 .text.UART2_FLEXIO_DriverIRQHandler
                0x0000000000006b60        0xc ./drivers/fsl_flexio.o
                0x0000000000006b60                UART2_FLEXIO_DriverIRQHandler
 .text.GPIO_WritePinOutput
                0x0000000000006b6c       0x3c ./drivers/fsl_gpio.o
 .text.GPIO_PinInit
                0x0000000000006ba8       0x74 ./drivers/fsl_gpio.o
                0x0000000000006ba8                GPIO_PinInit
 .text.I2C_TransferCommonIRQHandler
                0x0000000000006c1c       0x54 ./drivers/fsl_i2c.o
 .text.I2C0_DriverIRQHandler
                0x0000000000006c70       0x20 ./drivers/fsl_i2c.o
                0x0000000000006c70                I2C0_DriverIRQHandler
 .text.I2C1_DriverIRQHandler
                0x0000000000006c90       0x20 ./drivers/fsl_i2c.o
                0x0000000000006c90                I2C1_DriverIRQHandler
 .text.CLOCK_EnableClock
                0x0000000000006cb0       0x34 ./drivers/fsl_lpuart.o
 .text.LPUART_GetInstance
                0x0000000000006ce4       0x58 ./drivers/fsl_lpuart.o
                0x0000000000006ce4                LPUART_GetInstance
 .text.LPUART_Init
                0x0000000000006d3c      0x254 ./drivers/fsl_lpuart.o
                0x0000000000006d3c                LPUART_Init
 .text.LPUART_GetDefaultConfig
                0x0000000000006f90       0x50 ./drivers/fsl_lpuart.o
                0x0000000000006f90                LPUART_GetDefaultConfig
 .text.LPUART_GetStatusFlags
                0x0000000000006fe0       0x18 ./drivers/fsl_lpuart.o
                0x0000000000006fe0                LPUART_GetStatusFlags
 .text.LPUART_ClearStatusFlags
                0x0000000000006ff8       0x7c ./drivers/fsl_lpuart.o
                0x0000000000006ff8                LPUART_ClearStatusFlags
 .text.LPUART_WriteBlocking
                0x0000000000007074       0x3c ./drivers/fsl_lpuart.o
                0x0000000000007074                LPUART_WriteBlocking
 .text.LPUART_ReadBlocking
                0x00000000000070b0       0xc8 ./drivers/fsl_lpuart.o
                0x00000000000070b0                LPUART_ReadBlocking
 .text.LPUART0_DriverIRQHandler
                0x0000000000007178       0x24 ./drivers/fsl_lpuart.o
                0x0000000000007178                LPUART0_DriverIRQHandler
 .text.LPUART1_DriverIRQHandler
                0x000000000000719c       0x24 ./drivers/fsl_lpuart.o
                0x000000000000719c                LPUART1_DriverIRQHandler
 .text.SAI_TxClearStatusFlags
                0x00000000000071c0       0x24 ./drivers/fsl_sai.o
 .text.SAI_RxClearStatusFlags
                0x00000000000071e4       0x28 ./drivers/fsl_sai.o
 .text.SAI_TxDisableInterrupts
                0x000000000000720c       0x28 ./drivers/fsl_sai.o
 .text.SAI_RxDisableInterrupts
                0x0000000000007234       0x2c ./drivers/fsl_sai.o
 .text.SAI_WriteNonBlocking
                0x0000000000007260       0xb0 ./drivers/fsl_sai.o
 .text.SAI_ReadNonBlocking
                0x0000000000007310       0xa0 ./drivers/fsl_sai.o
 .text.SAI_TxEnable
                0x00000000000073b0       0x60 ./drivers/fsl_sai.o
                0x00000000000073b0                SAI_TxEnable
 .text.SAI_RxEnable
                0x0000000000007410       0x68 ./drivers/fsl_sai.o
                0x0000000000007410                SAI_RxEnable
 .text.SAI_TransferAbortSend
                0x0000000000007478       0x74 ./drivers/fsl_sai.o
                0x0000000000007478                SAI_TransferAbortSend
 .text.SAI_TransferAbortReceive
                0x00000000000074ec       0x74 ./drivers/fsl_sai.o
                0x00000000000074ec                SAI_TransferAbortReceive
 .text.SAI_TransferTxHandleIRQ
                0x0000000000007560      0x1e4 ./drivers/fsl_sai.o
                0x0000000000007560                SAI_TransferTxHandleIRQ
 .text.SAI_TransferRxHandleIRQ
                0x0000000000007744      0x1e8 ./drivers/fsl_sai.o
                0x0000000000007744                SAI_TransferRxHandleIRQ
 .text.I2S0_DriverIRQHandler
                0x000000000000792c       0x70 ./drivers/fsl_sai.o
                0x000000000000792c                I2S0_DriverIRQHandler
 .text.SPI_SlaveTransferHandleIRQ
                0x000000000000799c       0x1c ./drivers/fsl_spi.o
 .text.SPI_WriteNonBlocking
                0x00000000000079b8       0x94 ./drivers/fsl_spi.o
 .text.SPI_ReadNonBlocking
                0x0000000000007a4c       0x98 ./drivers/fsl_spi.o
 .text.SPI_SendTransfer
                0x0000000000007ae4       0xc4 ./drivers/fsl_spi.o
 .text.SPI_ReceiveTransfer
                0x0000000000007ba8       0xb0 ./drivers/fsl_spi.o
 .text.SPI_DisableInterrupts
                0x0000000000007c58       0x94 ./drivers/fsl_spi.o
                0x0000000000007c58                SPI_DisableInterrupts
 .text.SPI_WriteData
                0x0000000000007cec       0x2c ./drivers/fsl_spi.o
                0x0000000000007cec                SPI_WriteData
 .text.SPI_ReadData
                0x0000000000007d18       0x44 ./drivers/fsl_spi.o
                0x0000000000007d18                SPI_ReadData
 .text.SPI_MasterTransferAbort
                0x0000000000007d5c       0x68 ./drivers/fsl_spi.o
                0x0000000000007d5c                SPI_MasterTransferAbort
 .text.SPI_MasterTransferHandleIRQ
                0x0000000000007dc4       0x98 ./drivers/fsl_spi.o
                0x0000000000007dc4                SPI_MasterTransferHandleIRQ
 .text.SPI_TransferCommonIRQHandler
                0x0000000000007e5c       0x38 ./drivers/fsl_spi.o
 .text.SPI0_DriverIRQHandler
                0x0000000000007e94       0x48 ./drivers/fsl_spi.o
                0x0000000000007e94                SPI0_DriverIRQHandler
 .text.SPI1_DriverIRQHandler
                0x0000000000007edc       0x48 ./drivers/fsl_spi.o
                0x0000000000007edc                SPI1_DriverIRQHandler
 .text.CLOCK_EnableClock
                0x0000000000007f24       0x34 ./drivers/fsl_uart.o
 .text.UART_GetInstance
                0x0000000000007f58       0x60 ./drivers/fsl_uart.o
                0x0000000000007f58                UART_GetInstance
 .text.UART_Init
                0x0000000000007fb8      0x16c ./drivers/fsl_uart.o
                0x0000000000007fb8                UART_Init
 .text.UART_GetDefaultConfig
                0x0000000000008124       0x4c ./drivers/fsl_uart.o
                0x0000000000008124                UART_GetDefaultConfig
 .text.UART_GetStatusFlags
                0x0000000000008170       0x28 ./drivers/fsl_uart.o
                0x0000000000008170                UART_GetStatusFlags
 .text.UART_WriteBlocking
                0x0000000000008198       0x3c ./drivers/fsl_uart.o
                0x0000000000008198                UART_WriteBlocking
 .text.UART_ReadBlocking
                0x00000000000081d4       0x8c ./drivers/fsl_uart.o
                0x00000000000081d4                UART_ReadBlocking
 .text.CLOCK_SetLpuart0Clock
                0x0000000000008260       0x38 ./board/board.o
 .text.BOARD_InitDebugConsole
                0x0000000000008298       0x30 ./board/board.o
                0x0000000000008298                BOARD_InitDebugConsole
 .text.CLOCK_SetSimSafeDivs
                0x00000000000082c8       0x1c ./board/clock_config.o
 .text.BOARD_BootClockRUN
                0x00000000000082e4       0x34 ./board/clock_config.o
                0x00000000000082e4                BOARD_BootClockRUN
 .text.CLOCK_EnableClock
                0x0000000000008318       0x34 ./board/pin_mux.o
 .text.PORT_SetPinConfig
                0x000000000000834c       0x44 ./board/pin_mux.o
 .text.PORT_SetPinMux
                0x0000000000008390       0x3c ./board/pin_mux.o
 .text.BOARD_InitPins
                0x00000000000083cc      0x124 ./board/pin_mux.o
                0x00000000000083cc                BOARD_InitPins
 .text.modf     0x00000000000084f0       0x80 /usr/local/Cellar/gcc-arm-none-eabi-49/20150609/bin/../lib/gcc/arm-none-eabi/4.9.3/../../../../arm-none-eabi/lib/armv6-m/libm.a(lib_a-s_modf.o)
                0x00000000000084f0                modf
 .text.pow      0x0000000000008570      0x35c /usr/local/Cellar/gcc-arm-none-eabi-49/20150609/bin/../lib/gcc/arm-none-eabi/4.9.3/../../../../arm-none-eabi/lib/armv6-m/libm.a(lib_a-w_pow.o)
                0x0000000000008570                pow
 .text.__ieee754_pow
                0x00000000000088cc      0xa8c /usr/local/Cellar/gcc-arm-none-eabi-49/20150609/bin/../lib/gcc/arm-none-eabi/4.9.3/../../../../arm-none-eabi/lib/armv6-m/libm.a(lib_a-e_pow.o)
                0x00000000000088cc                __ieee754_pow
 .text.__ieee754_sqrt
                0x0000000000009358      0x1ec /usr/local/Cellar/gcc-arm-none-eabi-49/20150609/bin/../lib/gcc/arm-none-eabi/4.9.3/../../../../arm-none-eabi/lib/armv6-m/libm.a(lib_a-e_sqrt.o)
                0x0000000000009358                __ieee754_sqrt
 .text.fabs     0x0000000000009544        0x8 /usr/local/Cellar/gcc-arm-none-eabi-49/20150609/bin/../lib/gcc/arm-none-eabi/4.9.3/../../../../arm-none-eabi/lib/armv6-m/libm.a(lib_a-s_fabs.o)
                0x0000000000009544                fabs
 .text.finite   0x000000000000954c       0x14 /usr/local/Cellar/gcc-arm-none-eabi-49/20150609/bin/../lib/gcc/arm-none-eabi/4.9.3/../../../../arm-none-eabi/lib/armv6-m/libm.a(lib_a-s_finite.o)
                0x000000000000954c                finite
 .text.__fpclassifyd
                0x0000000000009560       0x5c /usr/local/Cellar/gcc-arm-none-eabi-49/20150609/bin/../lib/gcc/arm-none-eabi/4.9.3/../../../../arm-none-eabi/lib/armv6-m/libm.a(lib_a-s_fpclassify.o)
                0x0000000000009560                __fpclassifyd
 .text.matherr  0x00000000000095bc        0x4 /usr/local/Cellar/gcc-arm-none-eabi-49/20150609/bin/../lib/gcc/arm-none-eabi/4.9.3/../../../../arm-none-eabi/lib/armv6-m/libm.a(lib_a-s_matherr.o)
                0x00000000000095bc                matherr
 .text.nan      0x00000000000095c0        0xc /usr/local/Cellar/gcc-arm-none-eabi-49/20150609/bin/../lib/gcc/arm-none-eabi/4.9.3/../../../../arm-none-eabi/lib/armv6-m/libm.a(lib_a-s_nan.o)
                0x00000000000095c0                nan
 .text.rint     0x00000000000095cc      0x144 /usr/local/Cellar/gcc-arm-none-eabi-49/20150609/bin/../lib/gcc/arm-none-eabi/4.9.3/../../../../arm-none-eabi/lib/armv6-m/libm.a(lib_a-s_rint.o)
                0x00000000000095cc                rint
 .text.scalbn   0x0000000000009710       0xf8 /usr/local/Cellar/gcc-arm-none-eabi-49/20150609/bin/../lib/gcc/arm-none-eabi/4.9.3/../../../../arm-none-eabi/lib/armv6-m/libm.a(lib_a-s_scalbn.o)
                0x0000000000009710                scalbn
 .text.copysign
                0x0000000000009808       0x10 /usr/local/Cellar/gcc-arm-none-eabi-49/20150609/bin/../lib/gcc/arm-none-eabi/4.9.3/../../../../arm-none-eabi/lib/armv6-m/libm.a(lib_a-s_copysign.o)
                0x0000000000009808                copysign
 .text.__errno  0x0000000000009818        0xc /usr/local/Cellar/gcc-arm-none-eabi-49/20150609/bin/../lib/gcc/arm-none-eabi/4.9.3/../../../../arm-none-eabi/lib/armv6-m/libg_nano.a(lib_a-errno.o)
                0x0000000000009818                __errno
 .text.exit     0x0000000000009824       0x2c /usr/local/Cellar/gcc-arm-none-eabi-49/20150609/bin/../lib/gcc/arm-none-eabi/4.9.3/../../../../arm-none-eabi/lib/armv6-m/libg_nano.a(lib_a-exit.o)
                0x0000000000009824                exit
 .text.__libc_init_array
                0x0000000000009850       0x4c /usr/local/Cellar/gcc-arm-none-eabi-49/20150609/bin/../lib/gcc/arm-none-eabi/4.9.3/../../../../arm-none-eabi/lib/armv6-m/libg_nano.a(lib_a-init.o)
                0x0000000000009850                __libc_init_array
 .text.memcpy   0x000000000000989c       0x12 /usr/local/Cellar/gcc-arm-none-eabi-49/20150609/bin/../lib/gcc/arm-none-eabi/4.9.3/../../../../arm-none-eabi/lib/armv6-m/libg_nano.a(lib_a-memcpy.o)
                0x000000000000989c                memcpy
 .text.memset   0x00000000000098ae       0x10 /usr/local/Cellar/gcc-arm-none-eabi-49/20150609/bin/../lib/gcc/arm-none-eabi/4.9.3/../../../../arm-none-eabi/lib/armv6-m/libg_nano.a(lib_a-memset.o)
                0x00000000000098ae                memset
 *fill*         0x00000000000098be        0x2 
 .text.sprintf  0x00000000000098c0       0x44 /usr/local/Cellar/gcc-arm-none-eabi-49/20150609/bin/../lib/gcc/arm-none-eabi/4.9.3/../../../../arm-none-eabi/lib/armv6-m/libg_nano.a(lib_a-sprintf.o)
                0x00000000000098c0                sprintf
                0x00000000000098c0                siprintf
 .text.strlen   0x0000000000009904        0xe /usr/local/Cellar/gcc-arm-none-eabi-49/20150609/bin/../lib/gcc/arm-none-eabi/4.9.3/../../../../arm-none-eabi/lib/armv6-m/libg_nano.a(lib_a-strlen.o)
                0x0000000000009904                strlen
 *fill*         0x0000000000009912        0x2 
 .text._malloc_r
                0x0000000000009914       0xb0 /usr/local/Cellar/gcc-arm-none-eabi-49/20150609/bin/../lib/gcc/arm-none-eabi/4.9.3/../../../../arm-none-eabi/lib/armv6-m/libg_nano.a(lib_a-nano-mallocr.o)
                0x0000000000009914                _malloc_r
 .text.__ssputs_r
                0x00000000000099c4       0xc0 /usr/local/Cellar/gcc-arm-none-eabi-49/20150609/bin/../lib/gcc/arm-none-eabi/4.9.3/../../../../arm-none-eabi/lib/armv6-m/libg_nano.a(lib_a-nano-svfprintf.o)
                0x00000000000099c4                __ssputs_r
 .text._svfprintf_r
                0x0000000000009a84      0x1ec /usr/local/Cellar/gcc-arm-none-eabi-49/20150609/bin/../lib/gcc/arm-none-eabi/4.9.3/../../../../arm-none-eabi/lib/armv6-m/libg_nano.a(lib_a-nano-svfprintf.o)
                0x0000000000009a84                _svfprintf_r
                0x0000000000009a84                _svfiprintf_r
 .text._printf_common
                0x0000000000009c70       0xdc /usr/local/Cellar/gcc-arm-none-eabi-49/20150609/bin/../lib/gcc/arm-none-eabi/4.9.3/../../../../arm-none-eabi/lib/armv6-m/libg_nano.a(lib_a-nano-vfprintf_i.o)
                0x0000000000009c70                _printf_common
 .text._printf_i
                0x0000000000009d4c      0x230 /usr/local/Cellar/gcc-arm-none-eabi-49/20150609/bin/../lib/gcc/arm-none-eabi/4.9.3/../../../../arm-none-eabi/lib/armv6-m/libg_nano.a(lib_a-nano-vfprintf_i.o)
                0x0000000000009d4c                _printf_i
 .text._sbrk_r  0x0000000000009f7c       0x24 /usr/local/Cellar/gcc-arm-none-eabi-49/20150609/bin/../lib/gcc/arm-none-eabi/4.9.3/../../../../arm-none-eabi/lib/armv6-m/libg_nano.a(lib_a-sbrkr.o)
                0x0000000000009f7c                _sbrk_r
 .text.memchr   0x0000000000009fa0       0x16 /usr/local/Cellar/gcc-arm-none-eabi-49/20150609/bin/../lib/gcc/arm-none-eabi/4.9.3/../../../../arm-none-eabi/lib/armv6-m/libg_nano.a(lib_a-memchr.o)
                0x0000000000009fa0                memchr
 .text.memmove  0x0000000000009fb6       0x28 /usr/local/Cellar/gcc-arm-none-eabi-49/20150609/bin/../lib/gcc/arm-none-eabi/4.9.3/../../../../arm-none-eabi/lib/armv6-m/libg_nano.a(lib_a-memmove.o)
                0x0000000000009fb6                memmove
 *fill*         0x0000000000009fde        0x2 
 .text._free_r  0x0000000000009fe0       0x8c /usr/local/Cellar/gcc-arm-none-eabi-49/20150609/bin/../lib/gcc/arm-none-eabi/4.9.3/../../../../arm-none-eabi/lib/armv6-m/libg_nano.a(lib_a-nano-freer.o)
                0x0000000000009fe0                _free_r
 .text._realloc_r
                0x000000000000a06c       0x4c /usr/local/Cellar/gcc-arm-none-eabi-49/20150609/bin/../lib/gcc/arm-none-eabi/4.9.3/../../../../arm-none-eabi/lib/armv6-m/libg_nano.a(lib_a-nano-reallocr.o)
                0x000000000000a06c                _realloc_r
 .text._malloc_usable_size_r
                0x000000000000a0b8       0x16 /usr/local/Cellar/gcc-arm-none-eabi-49/20150609/bin/../lib/gcc/arm-none-eabi/4.9.3/../../../../arm-none-eabi/lib/armv6-m/libg_nano.a(lib_a-nano-msizer.o)
                0x000000000000a0b8                _malloc_usable_size_r
 *fill*         0x000000000000a0ce        0x2 
 .text._exit    0x000000000000a0d0        0x4 /usr/local/Cellar/gcc-arm-none-eabi-49/20150609/bin/../lib/gcc/arm-none-eabi/4.9.3/../../../../arm-none-eabi/lib/armv6-m/libnosys.a(_exit.o)
                0x000000000000a0d0                _exit
 *(.rodata)
 .rodata        0x000000000000a0d4        0x3 ./source/display.o
 *fill*         0x000000000000a0d7        0x1 
 .rodata        0x000000000000a0d8       0x41 ./drivers/fsl_clock.o
 *fill*         0x000000000000a119        0x3 
 .rodata        0x000000000000a11c       0x3e ./drivers/fsl_common.o
 *fill*         0x000000000000a15a        0x2 
 .rodata        0x000000000000a15c      0x132 ./drivers/fsl_dma.o
 *fill*         0x000000000000a28e        0x2 
 .rodata        0x000000000000a290       0x47 ./drivers/fsl_gpio.o
 *fill*         0x000000000000a2d7        0x1 
 .rodata        0x000000000000a2d8       0x4f ./drivers/fsl_lpuart.o
 *fill*         0x000000000000a327        0x1 
 .rodata        0x000000000000a328       0x47 ./drivers/fsl_sai.o
 *fill*         0x000000000000a36f        0x1 
 .rodata        0x000000000000a370       0x7f ./drivers/fsl_spi.o
 *fill*         0x000000000000a3ef        0x1 
 .rodata        0x000000000000a3f0       0x43 ./drivers/fsl_uart.o
 *fill*         0x000000000000a433        0x1 
 .rodata        0x000000000000a434       0x1f ./board/pin_mux.o
 *fill*         0x000000000000a453        0x1 
 .rodata        0x000000000000a454       0x40 /usr/local/Cellar/gcc-arm-none-eabi-49/20150609/bin/../lib/gcc/arm-none-eabi/4.9.3/armv6-m/libgcc.a(divdf3.o)
 .rodata        0x000000000000a494       0x40 /usr/local/Cellar/gcc-arm-none-eabi-49/20150609/bin/../lib/gcc/arm-none-eabi/4.9.3/armv6-m/libgcc.a(muldf3.o)
 *(.rodata*)
 .rodata.DbgConsole_PrintfFormattedData
                0x000000000000a4d4       0x44 ./utilities/fsl_debug_console.o
 .rodata.LUTDefault_full
                0x000000000000a518       0x1f ./source/u8glib/dev/u8g_dev_gdep015oc1.o
                0x000000000000a518                LUTDefault_full
 *fill*         0x000000000000a537        0x1 
 .rodata.u8g_font_freedoomr10r
                0x000000000000a538      0x412 ./source/u8glib/u8g_font_data.o
                0x000000000000a538                u8g_font_freedoomr10r
 *fill*         0x000000000000a94a        0x2 
 .rodata.u8g_dev_pb200h1_base_fn
                0x000000000000a94c       0xfc ./source/u8glib/u8g_pb200h1.o
 .rodata.okio_bubble_64
                0x000000000000aa48      0x200 ./source/display.o
                0x000000000000aa48                okio_bubble_64
 .rodata.nhour  0x000000000000ac48       0x60 ./source/display.o
 .rodata.lircFreqs.5557
                0x000000000000aca8        0x8 ./drivers/fsl_clock.o
 .rodata.__func__.5630
                0x000000000000acb0       0x14 ./drivers/fsl_clock.o
 .rodata.__func__.5644
                0x000000000000acc4       0x17 ./drivers/fsl_clock.o
 *fill*         0x000000000000acdb        0x1 
 .rodata.__func__.5847
                0x000000000000acdc        0xe ./drivers/fsl_dma.o
 *fill*         0x000000000000acea        0x2 
 .rodata.__func__.5715
                0x000000000000acec       0x1c ./drivers/fsl_dma.o
 .rodata.__func__.5603
                0x000000000000ad08        0xd ./drivers/fsl_gpio.o
 *fill*         0x000000000000ad15        0x3 
 .rodata.s_lpuartBases
                0x000000000000ad18        0x8 ./drivers/fsl_lpuart.o
 .rodata.s_lpuartClock
                0x000000000000ad20        0x8 ./drivers/fsl_lpuart.o
 .rodata.__func__.5765
                0x000000000000ad28       0x13 ./drivers/fsl_lpuart.o
 *fill*         0x000000000000ad3b        0x1 
 .rodata.__func__.5799
                0x000000000000ad3c        0xc ./drivers/fsl_lpuart.o
 .rodata.__func__.5821
                0x000000000000ad48       0x18 ./drivers/fsl_lpuart.o
 .rodata.__func__.6049
                0x000000000000ad60       0x16 ./drivers/fsl_sai.o
 *fill*         0x000000000000ad76        0x2 
 .rodata.__func__.6054
                0x000000000000ad78       0x19 ./drivers/fsl_sai.o
 *fill*         0x000000000000ad91        0x3 
 .rodata.__func__.6059
                0x000000000000ad94       0x18 ./drivers/fsl_sai.o
 .rodata.__func__.6067
                0x000000000000adac       0x18 ./drivers/fsl_sai.o
 .rodata.__func__.5950
                0x000000000000adc4       0x18 ./drivers/fsl_spi.o
 .rodata.__func__.5955
                0x000000000000addc       0x1c ./drivers/fsl_spi.o
 .rodata.__func__.5963
                0x000000000000adf8       0x16 ./drivers/fsl_spi.o
 *fill*         0x000000000000ae0e        0x2 
 .rodata.__func__.5967
                0x000000000000ae10       0x16 ./drivers/fsl_spi.o
 *fill*         0x000000000000ae26        0x2 
 .rodata.s_uartBases
                0x000000000000ae28        0xc ./drivers/fsl_uart.o
 .rodata.s_uartClock
                0x000000000000ae34        0xc ./drivers/fsl_uart.o
 .rodata.__func__.5759
                0x000000000000ae40       0x11 ./drivers/fsl_uart.o
 *fill*         0x000000000000ae51        0x3 
 .rodata.__func__.5773
                0x000000000000ae54        0xa ./drivers/fsl_uart.o
 *fill*         0x000000000000ae5e        0x2 
 .rodata.__func__.5786
                0x000000000000ae60       0x16 ./drivers/fsl_uart.o
 *fill*         0x000000000000ae76        0x2 
 .rodata.g_defaultClockConfigRun
                0x000000000000ae78       0x1c ./board/clock_config.o
                0x000000000000ae78                g_defaultClockConfigRun
 .rodata.__func__.5600
                0x000000000000ae94       0x12 ./board/pin_mux.o
 *fill*         0x000000000000aea6        0x2 
 .rodata.str1.4
                0x000000000000aea8        0x4 /usr/local/Cellar/gcc-arm-none-eabi-49/20150609/bin/../lib/gcc/arm-none-eabi/4.9.3/../../../../arm-none-eabi/lib/armv6-m/libm.a(lib_a-w_pow.o)
 *fill*         0x000000000000aeac        0x4 
 .rodata.dp_h   0x000000000000aeb0       0x10 /usr/local/Cellar/gcc-arm-none-eabi-49/20150609/bin/../lib/gcc/arm-none-eabi/4.9.3/../../../../arm-none-eabi/lib/armv6-m/libm.a(lib_a-e_pow.o)
 .rodata.dp_l   0x000000000000aec0       0x10 /usr/local/Cellar/gcc-arm-none-eabi-49/20150609/bin/../lib/gcc/arm-none-eabi/4.9.3/../../../../arm-none-eabi/lib/armv6-m/libm.a(lib_a-e_pow.o)
 .rodata.bp     0x000000000000aed0       0x10 /usr/local/Cellar/gcc-arm-none-eabi-49/20150609/bin/../lib/gcc/arm-none-eabi/4.9.3/../../../../arm-none-eabi/lib/armv6-m/libm.a(lib_a-e_pow.o)
 .rodata.str1.4
                0x000000000000aee0        0x4 /usr/local/Cellar/gcc-arm-none-eabi-49/20150609/bin/../lib/gcc/arm-none-eabi/4.9.3/../../../../arm-none-eabi/lib/armv6-m/libm.a(lib_a-e_pow.o)
                                          0x1 (size before relaxing)
 *fill*         0x000000000000aee4        0x4 
 .rodata.TWO52  0x000000000000aee8       0x10 /usr/local/Cellar/gcc-arm-none-eabi-49/20150609/bin/../lib/gcc/arm-none-eabi/4.9.3/../../../../arm-none-eabi/lib/armv6-m/libm.a(lib_a-s_rint.o)
 .rodata.str1.1
                0x000000000000aef8        0x2 /usr/local/Cellar/gcc-arm-none-eabi-49/20150609/bin/../lib/gcc/arm-none-eabi/4.9.3/../../../../arm-none-eabi/lib/armv6-m/libg_nano.a(lib_a-impure.o)
 *fill*         0x000000000000aefa        0x2 
 .rodata._global_impure_ptr
                0x000000000000aefc        0x4 /usr/local/Cellar/gcc-arm-none-eabi-49/20150609/bin/../lib/gcc/arm-none-eabi/4.9.3/../../../../arm-none-eabi/lib/armv6-m/libg_nano.a(lib_a-impure.o)
                0x000000000000aefc                _global_impure_ptr
 .rodata.str1.1
                0x000000000000af00       0x11 /usr/local/Cellar/gcc-arm-none-eabi-49/20150609/bin/../lib/gcc/arm-none-eabi/4.9.3/../../../../arm-none-eabi/lib/armv6-m/libg_nano.a(lib_a-nano-svfprintf.o)
 .rodata.str1.1
                0x000000000000af11       0x22 /usr/local/Cellar/gcc-arm-none-eabi-49/20150609/bin/../lib/gcc/arm-none-eabi/4.9.3/../../../../arm-none-eabi/lib/armv6-m/libg_nano.a(lib_a-nano-vfprintf_i.o)
 *(.glue_7)
 .glue_7        0x0000000000000000        0x0 linker stubs
 *(.glue_7t)
 .glue_7t       0x0000000000000000        0x0 linker stubs
 *(.eh_frame)
 *fill*         0x000000000000af33        0x1 
 .eh_frame      0x000000000000af34        0x0 /usr/local/Cellar/gcc-arm-none-eabi-49/20150609/bin/../lib/gcc/arm-none-eabi/4.9.3/armv6-m/crtbegin.o
 *(.init)
 .init          0x000000000000af34        0x4 /usr/local/Cellar/gcc-arm-none-eabi-49/20150609/bin/../lib/gcc/arm-none-eabi/4.9.3/armv6-m/crti.o
                0x000000000000af34                _init
 .init          0x000000000000af38        0x8 /usr/local/Cellar/gcc-arm-none-eabi-49/20150609/bin/../lib/gcc/arm-none-eabi/4.9.3/armv6-m/crtn.o
 *(.fini)
 .fini          0x000000000000af40        0x4 /usr/local/Cellar/gcc-arm-none-eabi-49/20150609/bin/../lib/gcc/arm-none-eabi/4.9.3/armv6-m/crti.o
                0x000000000000af40                _fini
 .fini          0x000000000000af44        0x8 /usr/local/Cellar/gcc-arm-none-eabi-49/20150609/bin/../lib/gcc/arm-none-eabi/4.9.3/armv6-m/crtn.o
                0x000000000000af4c                . = ALIGN (0x4)

.vfp11_veneer   0x000000000000af4c        0x0
 .vfp11_veneer  0x0000000000000000        0x0 linker stubs

.v4_bx          0x000000000000af4c        0x0
 .v4_bx         0x0000000000000000        0x0 linker stubs

.iplt           0x000000000000af4c        0x0
 .iplt          0x0000000000000000        0x0 /usr/local/Cellar/gcc-arm-none-eabi-49/20150609/bin/../lib/gcc/arm-none-eabi/4.9.3/armv6-m/crtbegin.o

.ARM.extab
 *(.ARM.extab* .gnu.linkonce.armextab.*)

.ARM            0x000000000000af4c        0x8
                0x000000000000af4c                __exidx_start = .
 *(.ARM.exidx*)
 .ARM.exidx     0x000000000000af4c        0x8 /usr/local/Cellar/gcc-arm-none-eabi-49/20150609/bin/../lib/gcc/arm-none-eabi/4.9.3/../../../../arm-none-eabi/lib/armv6-m/crt0.o
 .ARM.exidx     0x000000000000af54        0x0 /usr/local/Cellar/gcc-arm-none-eabi-49/20150609/bin/../lib/gcc/arm-none-eabi/4.9.3/armv6-m/libgcc.a(_divdi3.o)
                                          0x8 (size before relaxing)
 .ARM.exidx     0x000000000000af54        0x0 /usr/local/Cellar/gcc-arm-none-eabi-49/20150609/bin/../lib/gcc/arm-none-eabi/4.9.3/armv6-m/libgcc.a(_udivdi3.o)
                                          0x8 (size before relaxing)
                0x000000000000af54                __exidx_end = .

.rel.dyn        0x000000000000af54        0x0
 .rel.iplt      0x0000000000000000        0x0 /usr/local/Cellar/gcc-arm-none-eabi-49/20150609/bin/../lib/gcc/arm-none-eabi/4.9.3/armv6-m/crtbegin.o

.ctors          0x000000000000af54        0x0
                0x000000000000af54                __CTOR_LIST__ = .
 *crtbegin.o(.ctors)
 *crtbegin?.o(.ctors)
 *(EXCLUDE_FILE(*crtend.o *crtend?.o) .ctors)
 *(SORT(.ctors.*))
 *(.ctors)
                0x000000000000af54                __CTOR_END__ = .

.dtors          0x000000000000af54        0x0
                0x000000000000af54                __DTOR_LIST__ = .
 *crtbegin.o(.dtors)
 *crtbegin?.o(.dtors)
 *(EXCLUDE_FILE(*crtend.o *crtend?.o) .dtors)
 *(SORT(.dtors.*))
 *(.dtors)
                0x000000000000af54                __DTOR_END__ = .

.preinit_array  0x000000000000af54        0x0
                0x000000000000af54                PROVIDE (__preinit_array_start, .)
 *(.preinit_array*)
                0x000000000000af54                PROVIDE (__preinit_array_end, .)

.init_array     0x000000000000af54        0x4
                0x000000000000af54                PROVIDE (__init_array_start, .)
 *(SORT(.init_array.*))
 *(.init_array*)
 .init_array    0x000000000000af54        0x4 /usr/local/Cellar/gcc-arm-none-eabi-49/20150609/bin/../lib/gcc/arm-none-eabi/4.9.3/armv6-m/crtbegin.o
                0x000000000000af58                PROVIDE (__init_array_end, .)

.fini_array     0x000000000000af58        0x4
                0x000000000000af58                PROVIDE (__fini_array_start, .)
 *(SORT(.fini_array.*))
 *(.fini_array*)
 .fini_array    0x000000000000af58        0x4 /usr/local/Cellar/gcc-arm-none-eabi-49/20150609/bin/../lib/gcc/arm-none-eabi/4.9.3/armv6-m/crtbegin.o
                0x000000000000af5c                PROVIDE (__fini_array_end, .)
                0x000000000000af5c                __etext = .
                0x000000000000af5c                __DATA_ROM = .

.mtb            0x000000001fffe000        0x0
                0x000000001fffe000                . = ALIGN (0x8)
                0x000000001fffe000                _mtb_start = .
 *(.mtb_buf)
                0x000000001fffe000                . = ALIGN (0x8)
                0x000000001fffe000                _mtb_end = .

.interrupts_ram
                0x000000001fffe000        0x0
                0x000000001fffe000                . = ALIGN (0x4)
                0x000000001fffe000                __VECTOR_RAM__ = .
                0x000000001fffe000                __interrupts_ram_start__ = .
 *(.m_interrupts_ram)
                0x000000001fffe000                . = (. + M_VECTOR_RAM_SIZE)
                0x000000001fffe000                . = ALIGN (0x4)
                0x000000001fffe000                __interrupts_ram_end__ = .
                0x0000000000000000                __VECTOR_RAM = DEFINED (__ram_vector_table__)?__VECTOR_RAM__:ORIGIN (m_interrupts)
                0x0000000000000000                __RAM_VECTOR_TABLE_SIZE_BYTES = DEFINED (__ram_vector_table__)?(__interrupts_ram_end__ - __interrupts_ram_start__):0x0

.data           0x000000001fffe000       0xa8 load address 0x000000000000af5c
                0x000000001fffe000                . = ALIGN (0x4)
                0x000000001fffe000                __DATA_RAM = .
                0x000000001fffe000                __data_start__ = .
 *(.data)
 *(.data*)
 .data.SystemCoreClock
                0x000000001fffe000        0x4 ./startup/system_MKL43Z4.o
                0x000000001fffe000                SystemCoreClock
 .data.GDOControl
                0x000000001fffe004        0x4 ./source/u8glib/dev/Display_EPD_W21.o
                0x000000001fffe004                GDOControl
 .data.softstart
                0x000000001fffe008        0x4 ./source/u8glib/dev/Display_EPD_W21.o
                0x000000001fffe008                softstart
 .data.VCOMVol  0x000000001fffe00c        0x2 ./source/u8glib/dev/Display_EPD_W21.o
                0x000000001fffe00c                VCOMVol
 *fill*         0x000000001fffe00e        0x2 
 .data.DummyLine
                0x000000001fffe010        0x2 ./source/u8glib/dev/Display_EPD_W21.o
                0x000000001fffe010                DummyLine
 *fill*         0x000000001fffe012        0x2 
 .data.Gatetime
                0x000000001fffe014        0x2 ./source/u8glib/dev/Display_EPD_W21.o
                0x000000001fffe014                Gatetime
 *fill*         0x000000001fffe016        0x2 
 .data.RamDataEntryMode
                0x000000001fffe018        0x2 ./source/u8glib/dev/Display_EPD_W21.o
                0x000000001fffe018                RamDataEntryMode
 *fill*         0x000000001fffe01a        0x2 
 .data.pb       0x000000001fffe01c        0xc ./source/u8glib/dev/u8g_dev_gdep015oc1.o
 .data.xGDEP015OC1u8gDevice
                0x000000001fffe028        0xc ./source/u8glib/dev/u8g_dev_gdep015oc1.o
                0x000000001fffe028                xGDEP015OC1u8gDevice
 .data.port_pin_output_high_drive
                0x000000001fffe034        0x2 ./board/pin_mux.o
                0x000000001fffe034                port_pin_output_high_drive
 *fill*         0x000000001fffe036        0x2 
 .data.pin_as_output_low
                0x000000001fffe038        0x2 ./board/pin_mux.o
                0x000000001fffe038                pin_as_output_low
 *fill*         0x000000001fffe03a        0x2 
 .data.pin_as_output_high
                0x000000001fffe03c        0x2 ./board/pin_mux.o
                0x000000001fffe03c                pin_as_output_high
 .data.__fdlib_version
                0x000000001fffe03e        0x1 /usr/local/Cellar/gcc-arm-none-eabi-49/20150609/bin/../lib/gcc/arm-none-eabi/4.9.3/../../../../arm-none-eabi/lib/armv6-m/libm.a(lib_a-s_lib_ver.o)
                0x000000001fffe03e                __fdlib_version
 *fill*         0x000000001fffe03f        0x1 
 .data.impure_data
                0x000000001fffe040       0x60 /usr/local/Cellar/gcc-arm-none-eabi-49/20150609/bin/../lib/gcc/arm-none-eabi/4.9.3/../../../../arm-none-eabi/lib/armv6-m/libg_nano.a(lib_a-impure.o)
 .data._impure_ptr
                0x000000001fffe0a0        0x4 /usr/local/Cellar/gcc-arm-none-eabi-49/20150609/bin/../lib/gcc/arm-none-eabi/4.9.3/../../../../arm-none-eabi/lib/armv6-m/libg_nano.a(lib_a-impure.o)
                0x000000001fffe0a0                _impure_ptr
 *(.jcr*)
 .jcr           0x000000001fffe0a4        0x0 /usr/local/Cellar/gcc-arm-none-eabi-49/20150609/bin/../lib/gcc/arm-none-eabi/4.9.3/armv6-m/crtbegin.o
 .jcr           0x000000001fffe0a4        0x4 /usr/local/Cellar/gcc-arm-none-eabi-49/20150609/bin/../lib/gcc/arm-none-eabi/4.9.3/armv6-m/crtend.o
                0x000000001fffe0a8                . = ALIGN (0x4)
                0x000000001fffe0a8                __data_end__ = .
                0x000000000000b004                __DATA_END = (__DATA_ROM + (__data_end__ - __data_start__))
                0x0000000000040000                text_end = (ORIGIN (m_text) + 0x3fbf0)
                0x0000000000000001                ASSERT ((__DATA_END <= text_end), region m_text overflowed with text and data)
                0x0000000000000800                USB_RAM_GAP = DEFINED (__usb_ram_size__)?__usb_ram_size__:0x800

.igot.plt       0x000000001fffe0a8        0x0 load address 0x000000000000b004
 .igot.plt      0x0000000000000000        0x0 /usr/local/Cellar/gcc-arm-none-eabi-49/20150609/bin/../lib/gcc/arm-none-eabi/4.9.3/armv6-m/crtbegin.o

.bss            0x000000001fffe0a8     0x1dc0 load address 0x000000000000b004
                0x000000001fffe0a8                . = ALIGN (0x4)
                0x000000001fffe0a8                __START_BSS = .
                0x000000001fffe0a8                __bss_start__ = .
 *(.bss)
 .bss           0x000000001fffe0a8       0x1c /usr/local/Cellar/gcc-arm-none-eabi-49/20150609/bin/../lib/gcc/arm-none-eabi/4.9.3/armv6-m/crtbegin.o
 *(.bss*)
 .bss.s_debugConsole
                0x000000001fffe0c4       0x10 ./utilities/fsl_debug_console.o
 .bss.heap_end.5046
                0x000000001fffe0d4        0x4 ./utilities/fsl_sbrk.o
 .bss.cgram_    0x000000001fffe0d8     0x1388 ./source/u8glib/dev/u8g_dev_gdep015oc1.o
 .bss.u8g       0x000000001ffff460       0x3c ./source/display.o
 .bss.s_DMAHandle
                0x000000001ffff49c       0x10 ./drivers/fsl_dma.o
 .bss.s_flexioHandle
                0x000000001ffff4ac        0x8 ./drivers/fsl_flexio.o
 .bss.s_flexioType
                0x000000001ffff4b4        0x8 ./drivers/fsl_flexio.o
 .bss.s_flexioIsr
                0x000000001ffff4bc        0x8 ./drivers/fsl_flexio.o
 .bss.s_i2cHandle
                0x000000001ffff4c4        0x8 ./drivers/fsl_i2c.o
 .bss.s_i2cMasterIsr
                0x000000001ffff4cc        0x4 ./drivers/fsl_i2c.o
 .bss.s_i2cSlaveIsr
                0x000000001ffff4d0        0x4 ./drivers/fsl_i2c.o
 .bss.s_lpuartHandle
                0x000000001ffff4d4        0x8 ./drivers/fsl_lpuart.o
 .bss.s_lpuartIsr
                0x000000001ffff4dc        0x4 ./drivers/fsl_lpuart.o
 .bss.s_spiHandle
                0x000000001ffff4e0        0x8 ./drivers/fsl_spi.o
 .bss.pin_as_input
                0x000000001ffff4e8        0x2 ./board/pin_mux.o
                0x000000001ffff4e8                pin_as_input
 *fill*         0x000000001ffff4ea        0x2 
 .bss.__malloc_sbrk_start
                0x000000001ffff4ec        0x4 /usr/local/Cellar/gcc-arm-none-eabi-49/20150609/bin/../lib/gcc/arm-none-eabi/4.9.3/../../../../arm-none-eabi/lib/armv6-m/libg_nano.a(lib_a-nano-mallocr.o)
                0x000000001ffff4ec                __malloc_sbrk_start
 .bss.__malloc_free_list
                0x000000001ffff4f0        0x4 /usr/local/Cellar/gcc-arm-none-eabi-49/20150609/bin/../lib/gcc/arm-none-eabi/4.9.3/../../../../arm-none-eabi/lib/armv6-m/libg_nano.a(lib_a-nano-mallocr.o)
                0x000000001ffff4f0                __malloc_free_list
                0x000000001ffff600                . = ALIGN (0x200)
 *fill*         0x000000001ffff4f4      0x10c 
                0x000000001ffff600                USB_RAM_START = .
                0x000000001ffffe00                . = (. + USB_RAM_GAP)
 *fill*         0x000000001ffff600      0x800 
 *(COMMON)
 COMMON         0x000000001ffffe00       0x54 ./source/u8glib/dev/Display_EPD_W21.o
                0x000000001ffffe00                LUT
                0x000000001ffffe20                RamAreaX
                0x000000001ffffe24                RamPointerY
                0x000000001ffffe28                RamAreaY
                0x000000001ffffe30                RamPointerX
                0x000000001ffffe34                DispBuff
 COMMON         0x000000001ffffe54        0x8 ./drivers/fsl_clock.o
                0x000000001ffffe54                g_xtal32Freq
                0x000000001ffffe58                g_xtal0Freq
 COMMON         0x000000001ffffe5c        0x8 ./drivers/fsl_sai.o
                0x000000001ffffe5c                s_saiHandle
 COMMON         0x000000001ffffe64        0x4 /usr/local/Cellar/gcc-arm-none-eabi-49/20150609/bin/../lib/gcc/arm-none-eabi/4.9.3/../../../../arm-none-eabi/lib/armv6-m/libg_nano.a(lib_a-reent.o)
                0x000000001ffffe64                errno
                0x000000001ffffe68                . = ALIGN (0x4)
                0x000000001ffffe68                __bss_end__ = .
                0x000000001ffffe68                __END_BSS = .

.heap           0x000000001ffffe68      0x400 load address 0x000000000000cdc4
                0x000000001ffffe68                . = ALIGN (0x8)
                0x000000001ffffe68                __end__ = .
                0x000000001ffffe68                PROVIDE (end, .)
                0x000000001ffffe68                __HeapBase = .
                0x0000000020000268                . = (. + HEAP_SIZE)
 *fill*         0x000000001ffffe68      0x400 
                0x0000000020000268                __HeapLimit = .
                0x0000000020000268                __heap_limit = .

.stack          0x0000000020000268      0x400 load address 0x000000000000d1c4
                0x0000000020000268                . = ALIGN (0x8)
                0x0000000020000668                . = (. + STACK_SIZE)
 *fill*         0x0000000020000268      0x400 

m_usb_bdt       0x000000001ffff600        0x0
 *(m_usb_bdt)
                0x000000001ffff600                USB_RAM_BDT_END = .

m_usb_global
 *(m_usb_global)
                0x0000000020006000                __StackTop = (ORIGIN (m_data) + 0x8000)
                0x0000000020005c00                __StackLimit = (__StackTop - STACK_SIZE)
                0x0000000020006000                PROVIDE (__stack, __StackTop)

.ARM.attributes
                0x0000000000000000       0x28
 *(.ARM.attributes)
 .ARM.attributes
                0x0000000000000000       0x1e /usr/local/Cellar/gcc-arm-none-eabi-49/20150609/bin/../lib/gcc/arm-none-eabi/4.9.3/armv6-m/crti.o
 .ARM.attributes
                0x000000000000001e       0x2c /usr/local/Cellar/gcc-arm-none-eabi-49/20150609/bin/../lib/gcc/arm-none-eabi/4.9.3/armv6-m/crtbegin.o
 .ARM.attributes
                0x000000000000004a       0x1b /usr/local/Cellar/gcc-arm-none-eabi-49/20150609/bin/../lib/gcc/arm-none-eabi/4.9.3/../../../../arm-none-eabi/lib/armv6-m/crt0.o
 .ARM.attributes
                0x0000000000000065       0x32 ./utilities/fsl_debug_console.o
 .ARM.attributes
                0x0000000000000097       0x32 ./utilities/fsl_sbrk.o
 .ARM.attributes
                0x00000000000000c9       0x1b ./startup/startup_MKL43Z4.o
 .ARM.attributes
                0x00000000000000e4       0x32 ./startup/system_MKL43Z4.o
 .ARM.attributes
                0x0000000000000116       0x32 ./source/u8glib/dev/Display_EPD_W21.o
 .ARM.attributes
                0x0000000000000148       0x32 ./source/u8glib/dev/Display_EPD_W21_spi.o
 .ARM.attributes
                0x000000000000017a       0x32 ./source/u8glib/dev/u8g_dev_gdep015oc1.o
 .ARM.attributes
                0x00000000000001ac       0x32 ./source/u8glib/u8g_bitmap.o
 .ARM.attributes
                0x00000000000001de       0x32 ./source/u8glib/u8g_circle.o
 .ARM.attributes
                0x0000000000000210       0x32 ./source/u8glib/u8g_clip.o
 .ARM.attributes
                0x0000000000000242       0x32 ./source/u8glib/u8g_com_api.o
 .ARM.attributes
                0x0000000000000274       0x32 ./source/u8glib/u8g_font.o
 .ARM.attributes
                0x00000000000002a6       0x32 ./source/u8glib/u8g_font_data.o
 .ARM.attributes
                0x00000000000002d8       0x32 ./source/u8glib/u8g_ll_api.o
 .ARM.attributes
                0x000000000000030a       0x32 ./source/u8glib/u8g_page.o
 .ARM.attributes
                0x000000000000033c       0x32 ./source/u8glib/u8g_pb.o
 .ARM.attributes
                0x000000000000036e       0x32 ./source/u8glib/u8g_pb200h1.o
 .ARM.attributes
                0x00000000000003a0       0x32 ./source/u8glib/u8g_rect.o
 .ARM.attributes
                0x00000000000003d2       0x32 ./source/u8glib/u8g_state.o
 .ARM.attributes
                0x0000000000000404       0x32 ./source/display.o
 .ARM.attributes
                0x0000000000000436       0x32 ./source/main.o
 .ARM.attributes
                0x0000000000000468       0x32 ./drivers/fsl_clock.o
 .ARM.attributes
                0x000000000000049a       0x32 ./drivers/fsl_common.o
 .ARM.attributes
                0x00000000000004cc       0x32 ./drivers/fsl_dma.o
 .ARM.attributes
                0x00000000000004fe       0x32 ./drivers/fsl_flexio.o
 .ARM.attributes
                0x0000000000000530       0x32 ./drivers/fsl_gpio.o
 .ARM.attributes
                0x0000000000000562       0x32 ./drivers/fsl_i2c.o
 .ARM.attributes
                0x0000000000000594       0x32 ./drivers/fsl_lpuart.o
 .ARM.attributes
                0x00000000000005c6       0x32 ./drivers/fsl_sai.o
 .ARM.attributes
                0x00000000000005f8       0x32 ./drivers/fsl_spi.o
 .ARM.attributes
                0x000000000000062a       0x32 ./drivers/fsl_uart.o
 .ARM.attributes
                0x000000000000065c       0x32 ./board/board.o
 .ARM.attributes
                0x000000000000068e       0x32 ./board/clock_config.o
 .ARM.attributes
                0x00000000000006c0       0x32 ./board/pin_mux.o
 .ARM.attributes
                0x00000000000006f2       0x2c /usr/local/Cellar/gcc-arm-none-eabi-49/20150609/bin/../lib/gcc/arm-none-eabi/4.9.3/../../../../arm-none-eabi/lib/armv6-m/libm.a(lib_a-s_modf.o)
 .ARM.attributes
                0x000000000000071e       0x2c /usr/local/Cellar/gcc-arm-none-eabi-49/20150609/bin/../lib/gcc/arm-none-eabi/4.9.3/../../../../arm-none-eabi/lib/armv6-m/libm.a(lib_a-w_pow.o)
 .ARM.attributes
                0x000000000000074a       0x2c /usr/local/Cellar/gcc-arm-none-eabi-49/20150609/bin/../lib/gcc/arm-none-eabi/4.9.3/../../../../arm-none-eabi/lib/armv6-m/libm.a(lib_a-e_pow.o)
 .ARM.attributes
                0x0000000000000776       0x2c /usr/local/Cellar/gcc-arm-none-eabi-49/20150609/bin/../lib/gcc/arm-none-eabi/4.9.3/../../../../arm-none-eabi/lib/armv6-m/libm.a(lib_a-e_sqrt.o)
 .ARM.attributes
                0x00000000000007a2       0x2c /usr/local/Cellar/gcc-arm-none-eabi-49/20150609/bin/../lib/gcc/arm-none-eabi/4.9.3/../../../../arm-none-eabi/lib/armv6-m/libm.a(lib_a-s_fabs.o)
 .ARM.attributes
                0x00000000000007ce       0x2c /usr/local/Cellar/gcc-arm-none-eabi-49/20150609/bin/../lib/gcc/arm-none-eabi/4.9.3/../../../../arm-none-eabi/lib/armv6-m/libm.a(lib_a-s_finite.o)
 .ARM.attributes
                0x00000000000007fa       0x2c /usr/local/Cellar/gcc-arm-none-eabi-49/20150609/bin/../lib/gcc/arm-none-eabi/4.9.3/../../../../arm-none-eabi/lib/armv6-m/libm.a(lib_a-s_fpclassify.o)
 .ARM.attributes
                0x0000000000000826       0x2c /usr/local/Cellar/gcc-arm-none-eabi-49/20150609/bin/../lib/gcc/arm-none-eabi/4.9.3/../../../../arm-none-eabi/lib/armv6-m/libm.a(lib_a-s_lib_ver.o)
 .ARM.attributes
                0x0000000000000852       0x2c /usr/local/Cellar/gcc-arm-none-eabi-49/20150609/bin/../lib/gcc/arm-none-eabi/4.9.3/../../../../arm-none-eabi/lib/armv6-m/libm.a(lib_a-s_matherr.o)
 .ARM.attributes
                0x000000000000087e       0x2c /usr/local/Cellar/gcc-arm-none-eabi-49/20150609/bin/../lib/gcc/arm-none-eabi/4.9.3/../../../../arm-none-eabi/lib/armv6-m/libm.a(lib_a-s_nan.o)
 .ARM.attributes
                0x00000000000008aa       0x2c /usr/local/Cellar/gcc-arm-none-eabi-49/20150609/bin/../lib/gcc/arm-none-eabi/4.9.3/../../../../arm-none-eabi/lib/armv6-m/libm.a(lib_a-s_rint.o)
 .ARM.attributes
                0x00000000000008d6       0x2c /usr/local/Cellar/gcc-arm-none-eabi-49/20150609/bin/../lib/gcc/arm-none-eabi/4.9.3/../../../../arm-none-eabi/lib/armv6-m/libm.a(lib_a-s_scalbn.o)
 .ARM.attributes
                0x0000000000000902       0x2c /usr/local/Cellar/gcc-arm-none-eabi-49/20150609/bin/../lib/gcc/arm-none-eabi/4.9.3/../../../../arm-none-eabi/lib/armv6-m/libm.a(lib_a-s_copysign.o)
 .ARM.attributes
                0x000000000000092e       0x1e /usr/local/Cellar/gcc-arm-none-eabi-49/20150609/bin/../lib/gcc/arm-none-eabi/4.9.3/armv6-m/libgcc.a(_udivsi3.o)
 .ARM.attributes
                0x000000000000094c       0x1e /usr/local/Cellar/gcc-arm-none-eabi-49/20150609/bin/../lib/gcc/arm-none-eabi/4.9.3/armv6-m/libgcc.a(_divsi3.o)
 .ARM.attributes
                0x000000000000096a       0x1e /usr/local/Cellar/gcc-arm-none-eabi-49/20150609/bin/../lib/gcc/arm-none-eabi/4.9.3/armv6-m/libgcc.a(_dvmd_tls.o)
 .ARM.attributes
                0x0000000000000988       0x1e /usr/local/Cellar/gcc-arm-none-eabi-49/20150609/bin/../lib/gcc/arm-none-eabi/4.9.3/armv6-m/libgcc.a(_arm_cmpdf2.o)
 .ARM.attributes
                0x00000000000009a6       0x1e /usr/local/Cellar/gcc-arm-none-eabi-49/20150609/bin/../lib/gcc/arm-none-eabi/4.9.3/armv6-m/libgcc.a(_aeabi_ldivmod.o)
 .ARM.attributes
                0x00000000000009c4       0x1e /usr/local/Cellar/gcc-arm-none-eabi-49/20150609/bin/../lib/gcc/arm-none-eabi/4.9.3/armv6-m/libgcc.a(_aeabi_uldivmod.o)
 .ARM.attributes
                0x00000000000009e2       0x2c /usr/local/Cellar/gcc-arm-none-eabi-49/20150609/bin/../lib/gcc/arm-none-eabi/4.9.3/armv6-m/libgcc.a(_muldi3.o)
 .ARM.attributes
                0x0000000000000a0e       0x2c /usr/local/Cellar/gcc-arm-none-eabi-49/20150609/bin/../lib/gcc/arm-none-eabi/4.9.3/armv6-m/libgcc.a(_fixdfdi.o)
 .ARM.attributes
                0x0000000000000a3a       0x2c /usr/local/Cellar/gcc-arm-none-eabi-49/20150609/bin/../lib/gcc/arm-none-eabi/4.9.3/armv6-m/libgcc.a(_fixunsdfdi.o)
 .ARM.attributes
                0x0000000000000a66       0x2c /usr/local/Cellar/gcc-arm-none-eabi-49/20150609/bin/../lib/gcc/arm-none-eabi/4.9.3/armv6-m/libgcc.a(_floatdidf.o)
 .ARM.attributes
                0x0000000000000a92       0x2c /usr/local/Cellar/gcc-arm-none-eabi-49/20150609/bin/../lib/gcc/arm-none-eabi/4.9.3/armv6-m/libgcc.a(bpabi.o)
 .ARM.attributes
                0x0000000000000abe       0x2c /usr/local/Cellar/gcc-arm-none-eabi-49/20150609/bin/../lib/gcc/arm-none-eabi/4.9.3/armv6-m/libgcc.a(adddf3.o)
 .ARM.attributes
                0x0000000000000aea       0x2c /usr/local/Cellar/gcc-arm-none-eabi-49/20150609/bin/../lib/gcc/arm-none-eabi/4.9.3/armv6-m/libgcc.a(divdf3.o)
 .ARM.attributes
                0x0000000000000b16       0x2c /usr/local/Cellar/gcc-arm-none-eabi-49/20150609/bin/../lib/gcc/arm-none-eabi/4.9.3/armv6-m/libgcc.a(eqdf2.o)
 .ARM.attributes
                0x0000000000000b42       0x2c /usr/local/Cellar/gcc-arm-none-eabi-49/20150609/bin/../lib/gcc/arm-none-eabi/4.9.3/armv6-m/libgcc.a(gedf2.o)
 .ARM.attributes
                0x0000000000000b6e       0x2c /usr/local/Cellar/gcc-arm-none-eabi-49/20150609/bin/../lib/gcc/arm-none-eabi/4.9.3/armv6-m/libgcc.a(ledf2.o)
 .ARM.attributes
                0x0000000000000b9a       0x2c /usr/local/Cellar/gcc-arm-none-eabi-49/20150609/bin/../lib/gcc/arm-none-eabi/4.9.3/armv6-m/libgcc.a(muldf3.o)
 .ARM.attributes
                0x0000000000000bc6       0x2c /usr/local/Cellar/gcc-arm-none-eabi-49/20150609/bin/../lib/gcc/arm-none-eabi/4.9.3/armv6-m/libgcc.a(subdf3.o)
 .ARM.attributes
                0x0000000000000bf2       0x2c /usr/local/Cellar/gcc-arm-none-eabi-49/20150609/bin/../lib/gcc/arm-none-eabi/4.9.3/armv6-m/libgcc.a(fixdfsi.o)
 .ARM.attributes
                0x0000000000000c1e       0x2c /usr/local/Cellar/gcc-arm-none-eabi-49/20150609/bin/../lib/gcc/arm-none-eabi/4.9.3/armv6-m/libgcc.a(floatsidf.o)
 .ARM.attributes
                0x0000000000000c4a       0x2c /usr/local/Cellar/gcc-arm-none-eabi-49/20150609/bin/../lib/gcc/arm-none-eabi/4.9.3/armv6-m/libgcc.a(floatunsidf.o)
 .ARM.attributes
                0x0000000000000c76       0x1e /usr/local/Cellar/gcc-arm-none-eabi-49/20150609/bin/../lib/gcc/arm-none-eabi/4.9.3/armv6-m/libgcc.a(_clzsi2.o)
 .ARM.attributes
                0x0000000000000c94       0x2c /usr/local/Cellar/gcc-arm-none-eabi-49/20150609/bin/../lib/gcc/arm-none-eabi/4.9.3/armv6-m/libgcc.a(_fixunsdfsi.o)
 .ARM.attributes
                0x0000000000000cc0       0x2c /usr/local/Cellar/gcc-arm-none-eabi-49/20150609/bin/../lib/gcc/arm-none-eabi/4.9.3/armv6-m/libgcc.a(_divdi3.o)
 .ARM.attributes
                0x0000000000000cec       0x2c /usr/local/Cellar/gcc-arm-none-eabi-49/20150609/bin/../lib/gcc/arm-none-eabi/4.9.3/armv6-m/libgcc.a(_udivdi3.o)
 .ARM.attributes
                0x0000000000000d18       0x1e /usr/local/Cellar/gcc-arm-none-eabi-49/20150609/bin/../lib/gcc/arm-none-eabi/4.9.3/armv6-m/libgcc.a(_clzdi2.o)
 .ARM.attributes
                0x0000000000000d36       0x2c /usr/local/Cellar/gcc-arm-none-eabi-49/20150609/bin/../lib/gcc/arm-none-eabi/4.9.3/../../../../arm-none-eabi/lib/armv6-m/libg_nano.a(lib_a-errno.o)
 .ARM.attributes
                0x0000000000000d62       0x2c /usr/local/Cellar/gcc-arm-none-eabi-49/20150609/bin/../lib/gcc/arm-none-eabi/4.9.3/../../../../arm-none-eabi/lib/armv6-m/libg_nano.a(lib_a-exit.o)
 .ARM.attributes
                0x0000000000000d8e       0x2c /usr/local/Cellar/gcc-arm-none-eabi-49/20150609/bin/../lib/gcc/arm-none-eabi/4.9.3/../../../../arm-none-eabi/lib/armv6-m/libg_nano.a(lib_a-impure.o)
 .ARM.attributes
                0x0000000000000dba       0x2c /usr/local/Cellar/gcc-arm-none-eabi-49/20150609/bin/../lib/gcc/arm-none-eabi/4.9.3/../../../../arm-none-eabi/lib/armv6-m/libg_nano.a(lib_a-init.o)
 .ARM.attributes
                0x0000000000000de6       0x2c /usr/local/Cellar/gcc-arm-none-eabi-49/20150609/bin/../lib/gcc/arm-none-eabi/4.9.3/../../../../arm-none-eabi/lib/armv6-m/libg_nano.a(lib_a-memcpy.o)
 .ARM.attributes
                0x0000000000000e12       0x2c /usr/local/Cellar/gcc-arm-none-eabi-49/20150609/bin/../lib/gcc/arm-none-eabi/4.9.3/../../../../arm-none-eabi/lib/armv6-m/libg_nano.a(lib_a-memset.o)
 .ARM.attributes
                0x0000000000000e3e       0x2c /usr/local/Cellar/gcc-arm-none-eabi-49/20150609/bin/../lib/gcc/arm-none-eabi/4.9.3/../../../../arm-none-eabi/lib/armv6-m/libg_nano.a(lib_a-sprintf.o)
 .ARM.attributes
                0x0000000000000e6a       0x2c /usr/local/Cellar/gcc-arm-none-eabi-49/20150609/bin/../lib/gcc/arm-none-eabi/4.9.3/../../../../arm-none-eabi/lib/armv6-m/libg_nano.a(lib_a-strlen.o)
 .ARM.attributes
                0x0000000000000e96       0x2c /usr/local/Cellar/gcc-arm-none-eabi-49/20150609/bin/../lib/gcc/arm-none-eabi/4.9.3/../../../../arm-none-eabi/lib/armv6-m/libg_nano.a(lib_a-nano-mallocr.o)
 .ARM.attributes
                0x0000000000000ec2       0x2c /usr/local/Cellar/gcc-arm-none-eabi-49/20150609/bin/../lib/gcc/arm-none-eabi/4.9.3/../../../../arm-none-eabi/lib/armv6-m/libg_nano.a(lib_a-nano-svfprintf.o)
 .ARM.attributes
                0x0000000000000eee       0x2c /usr/local/Cellar/gcc-arm-none-eabi-49/20150609/bin/../lib/gcc/arm-none-eabi/4.9.3/../../../../arm-none-eabi/lib/armv6-m/libg_nano.a(lib_a-nano-vfprintf_i.o)
 .ARM.attributes
                0x0000000000000f1a       0x2c /usr/local/Cellar/gcc-arm-none-eabi-49/20150609/bin/../lib/gcc/arm-none-eabi/4.9.3/../../../../arm-none-eabi/lib/armv6-m/libg_nano.a(lib_a-sbrkr.o)
 .ARM.attributes
                0x0000000000000f46       0x2c /usr/local/Cellar/gcc-arm-none-eabi-49/20150609/bin/../lib/gcc/arm-none-eabi/4.9.3/../../../../arm-none-eabi/lib/armv6-m/libg_nano.a(lib_a-memchr.o)
 .ARM.attributes
                0x0000000000000f72       0x2c /usr/local/Cellar/gcc-arm-none-eabi-49/20150609/bin/../lib/gcc/arm-none-eabi/4.9.3/../../../../arm-none-eabi/lib/armv6-m/libg_nano.a(lib_a-memmove.o)
 .ARM.attributes
                0x0000000000000f9e       0x2c /usr/local/Cellar/gcc-arm-none-eabi-49/20150609/bin/../lib/gcc/arm-none-eabi/4.9.3/../../../../arm-none-eabi/lib/armv6-m/libg_nano.a(lib_a-nano-freer.o)
 .ARM.attributes
                0x0000000000000fca       0x2c /usr/local/Cellar/gcc-arm-none-eabi-49/20150609/bin/../lib/gcc/arm-none-eabi/4.9.3/../../../../arm-none-eabi/lib/armv6-m/libg_nano.a(lib_a-nano-reallocr.o)
 .ARM.attributes
                0x0000000000000ff6       0x2c /usr/local/Cellar/gcc-arm-none-eabi-49/20150609/bin/../lib/gcc/arm-none-eabi/4.9.3/../../../../arm-none-eabi/lib/armv6-m/libg_nano.a(lib_a-reent.o)
 .ARM.attributes
                0x0000000000001022       0x2c /usr/local/Cellar/gcc-arm-none-eabi-49/20150609/bin/../lib/gcc/arm-none-eabi/4.9.3/../../../../arm-none-eabi/lib/armv6-m/libg_nano.a(lib_a-nano-msizer.o)
 .ARM.attributes
                0x000000000000104e       0x2c /usr/local/Cellar/gcc-arm-none-eabi-49/20150609/bin/../lib/gcc/arm-none-eabi/4.9.3/../../../../arm-none-eabi/lib/armv6-m/libnosys.a(_exit.o)
 .ARM.attributes
                0x000000000000107a       0x2c /usr/local/Cellar/gcc-arm-none-eabi-49/20150609/bin/../lib/gcc/arm-none-eabi/4.9.3/armv6-m/crtend.o
 .ARM.attributes
                0x00000000000010a6       0x1e /usr/local/Cellar/gcc-arm-none-eabi-49/20150609/bin/../lib/gcc/arm-none-eabi/4.9.3/armv6-m/crtn.o
                0x0000000000000001                ASSERT ((__StackLimit >= __HeapLimit), region m_data overflowed with stack and heap)
OUTPUT(e-ink-with-kinetis.elf elf32-littlearm)

.debug_info     0x0000000000000000    0x148a4
 .debug_info    0x0000000000000000     0x10b0 ./utilities/fsl_debug_console.o
 .debug_info    0x00000000000010b0      0x112 ./utilities/fsl_sbrk.o
 .debug_info    0x00000000000011c2       0x82 ./startup/startup_MKL43Z4.o
 .debug_info    0x0000000000001244      0x430 ./startup/system_MKL43Z4.o
 .debug_info    0x0000000000001674      0x61e ./source/u8glib/dev/Display_EPD_W21.o
 .debug_info    0x0000000000001c92      0x3cd ./source/u8glib/dev/Display_EPD_W21_spi.o
 .debug_info    0x000000000000205f      0x7e9 ./source/u8glib/dev/u8g_dev_gdep015oc1.o
 .debug_info    0x0000000000002848      0x70a ./source/u8glib/u8g_bitmap.o
 .debug_info    0x0000000000002f52      0x710 ./source/u8glib/u8g_circle.o
 .debug_info    0x0000000000003662      0x4e9 ./source/u8glib/u8g_clip.o
 .debug_info    0x0000000000003b4b      0x699 ./source/u8glib/u8g_com_api.o
 .debug_info    0x00000000000041e4     0x1c92 ./source/u8glib/u8g_font.o
 .debug_info    0x0000000000005e76      0x106 ./source/u8glib/u8g_font_data.o
 .debug_info    0x0000000000005f7c      0xcf2 ./source/u8glib/u8g_ll_api.o
 .debug_info    0x0000000000006c6e      0x187 ./source/u8glib/u8g_page.o
 .debug_info    0x0000000000006df5      0x6f6 ./source/u8glib/u8g_pb.o
 .debug_info    0x00000000000074eb      0x6d0 ./source/u8glib/u8g_pb200h1.o
 .debug_info    0x0000000000007bbb      0x7ab ./source/u8glib/u8g_rect.o
 .debug_info    0x0000000000008366      0x461 ./source/u8glib/u8g_state.o
 .debug_info    0x00000000000087c7      0x5a1 ./source/display.o
 .debug_info    0x0000000000008d68       0xc6 ./source/main.o
 .debug_info    0x0000000000008e2e     0x114e ./drivers/fsl_clock.o
 .debug_info    0x0000000000009f7c      0x378 ./drivers/fsl_common.o
 .debug_info    0x000000000000a2f4      0xffd ./drivers/fsl_dma.o
 .debug_info    0x000000000000b2f1      0xee1 ./drivers/fsl_flexio.o
 .debug_info    0x000000000000c1d2      0x4f2 ./drivers/fsl_gpio.o
 .debug_info    0x000000000000c6c4     0x19d1 ./drivers/fsl_i2c.o
 .debug_info    0x000000000000e095     0x156a ./drivers/fsl_lpuart.o
 .debug_info    0x000000000000f5ff     0x17b1 ./drivers/fsl_sai.o
 .debug_info    0x0000000000010db0     0x13c7 ./drivers/fsl_spi.o
 .debug_info    0x0000000000012177     0x15b0 ./drivers/fsl_uart.o
 .debug_info    0x0000000000013727      0x351 ./board/board.o
 .debug_info    0x0000000000013a78      0x78d ./board/clock_config.o
 .debug_info    0x0000000000014205      0x69f ./board/pin_mux.o

.debug_abbrev   0x0000000000000000     0x37c0
 .debug_abbrev  0x0000000000000000      0x286 ./utilities/fsl_debug_console.o
 .debug_abbrev  0x0000000000000286       0xa3 ./utilities/fsl_sbrk.o
 .debug_abbrev  0x0000000000000329       0x14 ./startup/startup_MKL43Z4.o
 .debug_abbrev  0x000000000000033d      0x109 ./startup/system_MKL43Z4.o
 .debug_abbrev  0x0000000000000446      0x13f ./source/u8glib/dev/Display_EPD_W21.o
 .debug_abbrev  0x0000000000000585      0x12d ./source/u8glib/dev/Display_EPD_W21_spi.o
 .debug_abbrev  0x00000000000006b2      0x19d ./source/u8glib/dev/u8g_dev_gdep015oc1.o
 .debug_abbrev  0x000000000000084f      0x13b ./source/u8glib/u8g_bitmap.o
 .debug_abbrev  0x000000000000098a      0x1c1 ./source/u8glib/u8g_circle.o
 .debug_abbrev  0x0000000000000b4b      0x145 ./source/u8glib/u8g_clip.o
 .debug_abbrev  0x0000000000000c90      0x141 ./source/u8glib/u8g_com_api.o
 .debug_abbrev  0x0000000000000dd1      0x250 ./source/u8glib/u8g_font.o
 .debug_abbrev  0x0000000000001021       0x71 ./source/u8glib/u8g_font_data.o
 .debug_abbrev  0x0000000000001092      0x1f0 ./source/u8glib/u8g_ll_api.o
 .debug_abbrev  0x0000000000001282       0xe9 ./source/u8glib/u8g_page.o
 .debug_abbrev  0x000000000000136b      0x16c ./source/u8glib/u8g_pb.o
 .debug_abbrev  0x00000000000014d7      0x14e ./source/u8glib/u8g_pb200h1.o
 .debug_abbrev  0x0000000000001625      0x137 ./source/u8glib/u8g_rect.o
 .debug_abbrev  0x000000000000175c      0x12e ./source/u8glib/u8g_state.o
 .debug_abbrev  0x000000000000188a      0x1c0 ./source/display.o
 .debug_abbrev  0x0000000000001a4a       0x65 ./source/main.o
 .debug_abbrev  0x0000000000001aaf      0x292 ./drivers/fsl_clock.o
 .debug_abbrev  0x0000000000001d41      0x157 ./drivers/fsl_common.o
 .debug_abbrev  0x0000000000001e98      0x269 ./drivers/fsl_dma.o
 .debug_abbrev  0x0000000000002101      0x207 ./drivers/fsl_flexio.o
 .debug_abbrev  0x0000000000002308      0x184 ./drivers/fsl_gpio.o
 .debug_abbrev  0x000000000000248c      0x2f9 ./drivers/fsl_i2c.o
 .debug_abbrev  0x0000000000002785      0x358 ./drivers/fsl_lpuart.o
 .debug_abbrev  0x0000000000002add      0x275 ./drivers/fsl_sai.o
 .debug_abbrev  0x0000000000002d52      0x26a ./drivers/fsl_spi.o
 .debug_abbrev  0x0000000000002fbc      0x38a ./drivers/fsl_uart.o
 .debug_abbrev  0x0000000000003346      0x109 ./board/board.o
 .debug_abbrev  0x000000000000344f      0x196 ./board/clock_config.o
 .debug_abbrev  0x00000000000035e5      0x1db ./board/pin_mux.o

.debug_aranges  0x0000000000000000     0x12c0
 .debug_aranges
                0x0000000000000000       0xa8 ./utilities/fsl_debug_console.o
 .debug_aranges
                0x00000000000000a8       0x20 ./utilities/fsl_sbrk.o
 .debug_aranges
                0x00000000000000c8       0x20 ./startup/startup_MKL43Z4.o
 .debug_aranges
                0x00000000000000e8       0x28 ./startup/system_MKL43Z4.o
 .debug_aranges
                0x0000000000000110       0x90 ./source/u8glib/dev/Display_EPD_W21.o
 .debug_aranges
                0x00000000000001a0       0x70 ./source/u8glib/dev/Display_EPD_W21_spi.o
 .debug_aranges
                0x0000000000000210       0x40 ./source/u8glib/dev/u8g_dev_gdep015oc1.o